Archive member included to satisfy reference by file (symbol)

app/libapp.a(myfunction.c.obj)
                              (--whole-archive)
app/libapp.a(main.c.obj)      (--whole-archive)
zephyr/libzephyr.a(cbprintf_packaged.c.obj)
                              (--whole-archive)
zephyr/libzephyr.a(crc32c_sw.c.obj)
                              (--whole-archive)
zephyr/libzephyr.a(crc32_sw.c.obj)
                              (--whole-archive)
zephyr/libzephyr.a(crc16_sw.c.obj)
                              (--whole-archive)
zephyr/libzephyr.a(crc8_sw.c.obj)
                              (--whole-archive)
zephyr/libzephyr.a(crc7_sw.c.obj)
                              (--whole-archive)
zephyr/libzephyr.a(dec.c.obj)
                              (--whole-archive)
zephyr/libzephyr.a(fdtable.c.obj)
                              (--whole-archive)
zephyr/libzephyr.a(hex.c.obj)
                              (--whole-archive)
zephyr/libzephyr.a(printk.c.obj)
                              (--whole-archive)
zephyr/libzephyr.a(rb.c.obj)  (--whole-archive)
zephyr/libzephyr.a(sem.c.obj)
                              (--whole-archive)
zephyr/libzephyr.a(thread_entry.c.obj)
                              (--whole-archive)
zephyr/libzephyr.a(timeutil.c.obj)
                              (--whole-archive)
zephyr/libzephyr.a(heap.c.obj)
                              (--whole-archive)
zephyr/libzephyr.a(heap-validate.c.obj)
                              (--whole-archive)
zephyr/libzephyr.a(bitarray.c.obj)
                              (--whole-archive)
zephyr/libzephyr.a(multi_heap.c.obj)
                              (--whole-archive)
zephyr/libzephyr.a(onoff.c.obj)
                              (--whole-archive)
zephyr/libzephyr.a(notify.c.obj)
                              (--whole-archive)
zephyr/libzephyr.a(cbprintf_complete.c.obj)
                              (--whole-archive)
zephyr/libzephyr.a(cbprintf.c.obj)
                              (--whole-archive)
zephyr/libzephyr.a(assert.c.obj)
                              (--whole-archive)
zephyr/libzephyr.a(reboot.c.obj)
                              (--whole-archive)
zephyr/libzephyr.a(configs.c.obj)
                              (--whole-archive)
zephyr/libzephyr.a(soc_nrf_common.S.obj)
                              (--whole-archive)
zephyr/libzephyr.a(validate_base_addresses.c.obj)
                              (--whole-archive)
zephyr/libzephyr.a(validate_enabled_instances.c.obj)
                              (--whole-archive)
zephyr/libzephyr.a(pm.c.obj)  (--whole-archive)
zephyr/libzephyr.a(policy.c.obj)
                              (--whole-archive)
zephyr/libzephyr.a(state.c.obj)
                              (--whole-archive)
zephyr/libzephyr.a(tracing_none.c.obj)
                              (--whole-archive)
zephyr/arch/common/libarch__common.a(sw_isr_common.c.obj)
                              (--whole-archive)
zephyr/arch/arch/arm/core/aarch32/libarch__arm__core__aarch32.a(cpu_idle.S.obj)
                              (--whole-archive)
zephyr/arch/arch/arm/core/aarch32/libarch__arm__core__aarch32.a(fatal.c.obj)
                              (--whole-archive)
zephyr/arch/arch/arm/core/aarch32/libarch__arm__core__aarch32.a(irq_manage.c.obj)
                              (--whole-archive)
zephyr/arch/arch/arm/core/aarch32/libarch__arm__core__aarch32.a(nmi.c.obj)
                              (--whole-archive)
zephyr/arch/arch/arm/core/aarch32/libarch__arm__core__aarch32.a(nmi_on_reset.S.obj)
                              (--whole-archive)
zephyr/arch/arch/arm/core/aarch32/libarch__arm__core__aarch32.a(prep_c.c.obj)
                              (--whole-archive)
zephyr/arch/arch/arm/core/aarch32/libarch__arm__core__aarch32.a(swap.c.obj)
                              (--whole-archive)
zephyr/arch/arch/arm/core/aarch32/libarch__arm__core__aarch32.a(swap_helper.S.obj)
                              (--whole-archive)
zephyr/arch/arch/arm/core/aarch32/libarch__arm__core__aarch32.a(thread.c.obj)
                              (--whole-archive)
zephyr/arch/arch/arm/core/aarch32/libarch__arm__core__aarch32.a(isr_wrapper.S.obj)
                              (--whole-archive)
zephyr/arch/arch/arm/core/aarch32/cortex_m/libarch__arm__core__aarch32__cortex_m.a(exc_exit.S.obj)
                              (--whole-archive)
zephyr/arch/arch/arm/core/aarch32/cortex_m/libarch__arm__core__aarch32__cortex_m.a(fault.c.obj)
                              (--whole-archive)
zephyr/arch/arch/arm/core/aarch32/cortex_m/libarch__arm__core__aarch32__cortex_m.a(fault_s.S.obj)
                              (--whole-archive)
zephyr/arch/arch/arm/core/aarch32/cortex_m/libarch__arm__core__aarch32__cortex_m.a(fpu.c.obj)
                              (--whole-archive)
zephyr/arch/arch/arm/core/aarch32/cortex_m/libarch__arm__core__aarch32__cortex_m.a(irq_init.c.obj)
                              (--whole-archive)
[...]
Memory Configuration

Name             Origin             Length             Attributes
FLASH            0x0000000000000000 0x0000000000080000 xr
RAM              0x0000000020000000 0x0000000000020000 xw
IDT_LIST         0x00000000fffff7ff 0x0000000000000800 xw
*default*        0x0000000000000000 0xffffffffffffffff

Linker script and memory map

LOAD zephyr/CMakeFiles/zephyr_pre1.dir/misc/empty_file.c.obj
LOAD zephyr/CMakeFiles/zephyr_pre1.dir/dev_handles.c.obj
                0x0000000000000020                _region_min_align = 0x20

.rel.plt        0x0000000000000000        0x0
 *(SORT_BY_ALIGNMENT(.rel.plt))
                [!provide]                        PROVIDE (__rel_iplt_start = .)
 *(SORT_BY_ALIGNMENT(.rel.iplt))
 .rel.iplt      0x0000000000000000        0x0 app/libapp.a(main.c.obj)
                [!provide]                        PROVIDE (__rel_iplt_end = .)

.rela.plt       0x0000000000000000        0x0
 *(SORT_BY_ALIGNMENT(.rela.plt))
                [!provide]                        PROVIDE (__rela_iplt_start = .)
 *(SORT_BY_ALIGNMENT(.rela.iplt))
                [!provide]                        PROVIDE (__rela_iplt_end = .)

.rel.dyn
 *(SORT_BY_ALIGNMENT(.rel.*))

.rela.dyn
 *(SORT_BY_ALIGNMENT(.rela.*))

/DISCARD/
 *(SORT_BY_ALIGNMENT(.plt))

/DISCARD/
 *(SORT_BY_ALIGNMENT(.iplt))
                0x0000000000000000                __rom_region_start = 0x0

rom_start       0x0000000000000000      0x100
                0x0000000000000000                . = 0x0
                0x0000000000000000                . = ALIGN (0x4)
                0x0000000000000000                . = ALIGN (0x80)
                0x0000000000000000                . = ALIGN (0x100)
                0x0000000000000000                _vector_start = .
 *(SORT_BY_ALIGNMENT(.exc_vector_table))
 *(SORT_BY_ALIGNMENT(.exc_vector_table.*))
 .exc_vector_table._vector_table_section
                0x0000000000000000       0x40 zephyr/arch/arch/arm/core/aarch32/cortex_m/libarch__arm__core__aarch32__cortex_m.a(vector_table.S.obj)
                0x0000000000000000                _vector_table
 *(SORT_BY_ALIGNMENT(.vectors))
                0x0000000000000100                _vector_end = .
                0x0000000000000040                . = ALIGN (0x4)
 *(SORT_BY_ALIGNMENT(.gnu.linkonce.irq_vector_table*))
 .gnu.linkonce.irq_vector_table
                0x0000000000000040       0xc0 zephyr/arch/common/libisr_tables.a(isr_tables.c.obj)
                0x0000000000000040                _irq_vector_table
                0x0000000000000100                _vector_end = .

text            0x0000000000000100     0x4668
                0x0000000000000100                __text_region_start = .
 *(SORT_BY_ALIGNMENT(.text))
 .text          0x0000000000000100       0x30 /home/hfl2/nordicsemi/toolchains/v2.2.0/opt/zephyr-sdk/arm-zephyr-eabi/bin/../lib/gcc/arm-zephyr-eabi/12.1.0/thumb/v7e-m/nofp/libgcc.a(_aeabi_uldivmod.o)
                0x0000000000000100                __aeabi_uldivmod
 .text          0x0000000000000130        0x4 /home/hfl2/nordicsemi/toolchains/v2.2.0/opt/zephyr-sdk/arm-zephyr-eabi/bin/../lib/gcc/arm-zephyr-eabi/12.1.0/thumb/v7e-m/nofp/libgcc.a(_dvmd_tls.o)
                0x0000000000000130                __aeabi_ldiv0
                0x0000000000000130                __aeabi_idiv0
 .text          0x0000000000000134      0x2a0 /home/hfl2/nordicsemi/toolchains/v2.2.0/opt/zephyr-sdk/arm-zephyr-eabi/bin/../lib/gcc/arm-zephyr-eabi/12.1.0/thumb/v7e-m/nofp/libgcc.a(_udivmoddi4.o)
                0x0000000000000134                __udivmoddi4
 *(SORT_BY_ALIGNMENT(.text.*))
 .text.main     0x00000000000003d4       0x28 app/libapp.a(main.c.obj)
                0x00000000000003d4                main
 .text.char_out
                0x00000000000003fc        0xc zephyr/libzephyr.a(printk.c.obj)
 .text.__printk_hook_install
                0x0000000000000408        0xc zephyr/libzephyr.a(printk.c.obj)
                0x0000000000000408                __printk_hook_install
 .text.vprintk  0x0000000000000414       0x1c zephyr/libzephyr.a(printk.c.obj)
                0x0000000000000414                vprintk
 .text.process_event
                0x0000000000000430      0x21c zephyr/libzephyr.a(onoff.c.obj)
 .text.z_cbvprintf_impl
                0x000000000000064c      0x764 zephyr/libzephyr.a(cbprintf_complete.c.obj)
                0x000000000000064c                z_cbvprintf_impl
 .text.z_arm_platform_init
                0x0000000000000db0        0x4 zephyr/libzephyr.a(soc_nrf_common.S.obj)
                0x0000000000000db0                z_arm_platform_init
 .text.pm_state_notify
                0x0000000000000db4       0x5c zephyr/libzephyr.a(pm.c.obj)
 .text.pm_system_resume
                0x0000000000000e10       0x78 zephyr/libzephyr.a(pm.c.obj)
                0x0000000000000e10                pm_system_resume
 .text.pm_system_suspend
                0x0000000000000e88       0xf8 zephyr/libzephyr.a(pm.c.obj)
                0x0000000000000e88                pm_system_suspend
 .text.pm_policy_next_state
                0x0000000000000f80       0x94 zephyr/libzephyr.a(policy.c.obj)
                0x0000000000000f80                pm_policy_next_state
 .text.pm_state_cpu_get_all
                0x0000000000001014       0x10 zephyr/libzephyr.a(state.c.obj)
                0x0000000000001014                pm_state_cpu_get_all
 .text.z_arm_cpu_idle_init
                0x0000000000001024        0xc zephyr/arch/arch/arm/core/aarch32/libarch__arm__core__aarch32.a(cpu_idle.S.obj)
                0x0000000000001024                z_arm_cpu_idle_init
 .text.arch_cpu_idle
                0x0000000000001030       0x1c zephyr/arch/arch/arm/core/aarch32/libarch__arm__core__aarch32.a(cpu_idle.S.obj)
                0x0000000000001030                arch_cpu_idle
 .text.arch_cpu_atomic_idle
                0x000000000000104c       0x14 zephyr/arch/arch/arm/core/aarch32/libarch__arm__core__aarch32.a(cpu_idle.S.obj)
                0x000000000000104c                arch_cpu_atomic_idle
 .text.arch_irq_enable
                0x0000000000001060       0x1c zephyr/arch/arch/arm/core/aarch32/libarch__arm__core__aarch32.a(irq_manage.c.obj)
                0x0000000000001060                arch_irq_enable
 .text.arch_irq_is_enabled
                0x000000000000107c       0x1c zephyr/arch/arch/arm/core/aarch32/libarch__arm__core__aarch32.a(irq_manage.c.obj)
                0x000000000000107c                arch_irq_is_enabled
 .text.z_arm_irq_priority_set
                0x0000000000001098       0x30 zephyr/arch/arch/arm/core/aarch32/libarch__arm__core__aarch32.a(irq_manage.c.obj)
                0x0000000000001098                z_arm_irq_priority_set
 .text.z_SysNmiOnReset
                0x00000000000010c8        0x8 zephyr/arch/arch/arm/core/aarch32/libarch__arm__core__aarch32.a(nmi_on_reset.S.obj)
                0x00000000000010c8                z_SysNmiOnReset
 .text.z_arm_prep_c
                0x00000000000010d0       0x38 zephyr/arch/arch/arm/core/aarch32/libarch__arm__core__aarch32.a(prep_c.c.obj)
                0x00000000000010d0                z_arm_prep_c
 .text.arch_swap
                0x0000000000001108       0x34 zephyr/arch/arch/arm/core/aarch32/libarch__arm__core__aarch32.a(swap.c.obj)
                0x0000000000001108                arch_swap
 .text.z_arm_pendsv
                0x000000000000113c       0x54 zephyr/arch/arch/arm/core/aarch32/libarch__arm__core__aarch32.a(swap_helper.S.obj)
                0x000000000000113c                z_arm_pendsv
 .text.z_arm_svc
                0x0000000000001190       0x20 zephyr/arch/arch/arm/core/aarch32/libarch__arm__core__aarch32.a(swap_helper.S.obj)
                0x0000000000001190                z_arm_svc
 .text.arch_new_thread
                0x00000000000011b0       0x38 zephyr/arch/arch/arm/core/aarch32/libarch__arm__core__aarch32.a(thread.c.obj)
                0x00000000000011b0                arch_new_thread
 .text.z_check_thread_stack_fail
                0x00000000000011e8       0x2c zephyr/arch/arch/arm/core/aarch32/libarch__arm__core__aarch32.a(thread.c.obj)
                0x00000000000011e8                z_check_thread_stack_fail
 .text.arch_switch_to_main_thread
                0x0000000000001214       0x2c zephyr/arch/arch/arm/core/aarch32/libarch__arm__core__aarch32.a(thread.c.obj)
                0x0000000000001214                arch_switch_to_main_thread
 .text._isr_wrapper
                0x0000000000001240       0x40 zephyr/arch/arch/arm/core/aarch32/libarch__arm__core__aarch32.a(isr_wrapper.S.obj)
                0x0000000000001240                _isr_wrapper
 .text._HandlerModeExit
                0x0000000000001280       0x1c zephyr/arch/arch/arm/core/aarch32/cortex_m/libarch__arm__core__aarch32__cortex_m.a(exc_exit.S.obj)
                0x0000000000001280                z_arm_exc_exit
                0x0000000000001280                z_arm_int_exit
 .text.mem_manage_fault
                0x000000000000129c       0x7c zephyr/arch/arch/arm/core/aarch32/cortex_m/libarch__arm__core__aarch32__cortex_m.a(fault.c.obj)
 .text.bus_fault.constprop.0
                0x0000000000001318       0x3c zephyr/arch/arch/arm/core/aarch32/cortex_m/libarch__arm__core__aarch32__cortex_m.a(fault.c.obj)
 .text.z_arm_fault
                0x0000000000001354      0x130 zephyr/arch/arch/arm/core/aarch32/cortex_m/libarch__arm__core__aarch32__cortex_m.a(fault.c.obj)
                0x0000000000001354                z_arm_fault
 .text.z_arm_fault_init
                0x0000000000001484       0x10 zephyr/arch/arch/arm/core/aarch32/cortex_m/libarch__arm__core__aarch32__cortex_m.a(fault.c.obj)
                0x0000000000001484                z_arm_fault_init
 .text.__fault  0x0000000000001494       0x14 zephyr/arch/arch/arm/core/aarch32/cortex_m/libarch__arm__core__aarch32__cortex_m.a(fault_s.S.obj)
                0x0000000000001494                z_arm_bus_fault
                0x0000000000001494                z_arm_usage_fault
                0x0000000000001494                z_arm_mpu_fault
                0x0000000000001494                z_arm_exc_spurious
                0x0000000000001494                z_arm_debug_monitor
                0x0000000000001494                z_arm_hard_fault
 .text.z_arm_interrupt_init
                0x00000000000014a8       0x18 zephyr/arch/arch/arm/core/aarch32/cortex_m/libarch__arm__core__aarch32__cortex_m.a(irq_init.c.obj)
                0x00000000000014a8                z_arm_interrupt_init
 .text._reset_section
                0x00000000000014c0       0x54 zephyr/arch/arch/arm/core/aarch32/cortex_m/libarch__arm__core__aarch32__cortex_m.a(reset.S.obj)
                0x00000000000014c0                z_arm_reset
                0x00000000000014c0                __start
 .text.z_arm_clear_arm_mpu_config
                0x0000000000001514       0x24 zephyr/arch/arch/arm/core/aarch32/cortex_m/libarch__arm__core__aarch32__cortex_m.a(scb.c.obj)
                0x0000000000001514                z_arm_clear_arm_mpu_config
 .text.z_arm_init_arch_hw_at_boot
                0x0000000000001538       0x64 zephyr/arch/arch/arm/core/aarch32/cortex_m/libarch__arm__core__aarch32__cortex_m.a(scb.c.obj)
                0x0000000000001538                z_arm_init_arch_hw_at_boot
 .text.z_impl_k_thread_abort
                0x000000000000159c       0x2c zephyr/arch/arch/arm/core/aarch32/cortex_m/libarch__arm__core__aarch32__cortex_m.a(thread_abort.c.obj)
                0x000000000000159c                z_impl_k_thread_abort
 .text.z_arm_configure_static_mpu_regions
                0x00000000000015c8       0x18 zephyr/arch/arch/arm/core/aarch32/mpu/libarch__arm__core__aarch32__mpu.a(arm_core_mpu.c.obj)
                0x00000000000015c8                z_arm_configure_static_mpu_regions
 .text.z_arm_configure_dynamic_mpu_regions
                0x00000000000015e0       0x20 zephyr/arch/arch/arm/core/aarch32/mpu/libarch__arm__core__aarch32__mpu.a(arm_core_mpu.c.obj)
                0x00000000000015e0                z_arm_configure_dynamic_mpu_regions
 .text.mpu_configure_regions
                0x0000000000001600       0x88 zephyr/arch/arch/arm/core/aarch32/mpu/libarch__arm__core__aarch32__mpu.a(arm_mpu.c.obj)
 .text.arm_core_mpu_enable
                0x0000000000001688       0x18 zephyr/arch/arch/arm/core/aarch32/mpu/libarch__arm__core__aarch32__mpu.a(arm_mpu.c.obj)
                0x0000000000001688                arm_core_mpu_enable
 .text.arm_core_mpu_disable
                0x00000000000016a0       0x14 zephyr/arch/arch/arm/core/aarch32/mpu/libarch__arm__core__aarch32__mpu.a(arm_mpu.c.obj)
                0x00000000000016a0                arm_core_mpu_disable
 .text.arm_core_mpu_configure_static_mpu_regions
                0x00000000000016b4       0x14 zephyr/arch/arch/arm/core/aarch32/mpu/libarch__arm__core__aarch32__mpu.a(arm_mpu.c.obj)
                0x00000000000016b4                arm_core_mpu_configure_static_mpu_regions
 .text.arm_core_mpu_configure_dynamic_mpu_regions
                0x00000000000016c8       0x30 zephyr/arch/arch/arm/core/aarch32/mpu/libarch__arm__core__aarch32__mpu.a(arm_mpu.c.obj)
                0x00000000000016c8                arm_core_mpu_configure_dynamic_mpu_regions
 .text.z_arm_mpu_init
                0x00000000000016f8       0x60 zephyr/arch/arch/arm/core/aarch32/mpu/libarch__arm__core__aarch32__mpu.a(arm_mpu.c.obj)
                0x00000000000016f8                z_arm_mpu_init
 .text.__stdout_hook_install
                0x0000000000001758        0xc zephyr/lib/libc/minimal/liblib__libc__minimal.a(stdout_console.c.obj)
                0x0000000000001758                __stdout_hook_install
 .text.nordicsemi_nrf52_init
                0x0000000000001764       0x30 zephyr/soc/arm/nordic_nrf/nrf52/libsoc__arm__nordic_nrf__nrf52.a(soc.c.obj)
 .text.sys_arch_reboot
                0x0000000000001794       0x2c zephyr/soc/arm/nordic_nrf/nrf52/libsoc__arm__nordic_nrf__nrf52.a(soc.c.obj)
                0x0000000000001794                sys_arch_reboot
 .text.arch_busy_wait
                0x00000000000017c0       0x14 zephyr/soc/arm/nordic_nrf/nrf52/libsoc__arm__nordic_nrf__nrf52.a(soc.c.obj)
                0x00000000000017c0                arch_busy_wait
 .text.onoff_stop
                0x00000000000017d4       0x30 zephyr/drivers/clock_control/libdrivers__clock_control.a(clock_control_nrf.c.obj)
 .text.onoff_start
                0x0000000000001804       0x44 zephyr/drivers/clock_control/libdrivers__clock_control.a(clock_control_nrf.c.obj)
 .text.clk_init
                0x0000000000001848       0x58 zephyr/drivers/clock_control/libdrivers__clock_control.a(clock_control_nrf.c.obj)
 .text.clkstarted_handle.constprop.0
                0x00000000000018a0       0x34 zephyr/drivers/clock_control/libdrivers__clock_control.a(clock_control_nrf.c.obj)
 .text.clock_event_handler
                0x00000000000018d4       0x1c zephyr/drivers/clock_control/libdrivers__clock_control.a(clock_control_nrf.c.obj)
 .text.generic_hfclk_start
                0x00000000000018f0       0x64 zephyr/drivers/clock_control/libdrivers__clock_control.a(clock_control_nrf.c.obj)
 .text.api_blocking_start
                0x0000000000001954       0x34 zephyr/drivers/clock_control/libdrivers__clock_control.a(clock_control_nrf.c.obj)
 .text.generic_hfclk_stop
                0x0000000000001988       0x2c zephyr/drivers/clock_control/libdrivers__clock_control.a(clock_control_nrf.c.obj)
 .text.z_nrf_clock_control_lf_on
                0x00000000000019b4       0xfc zephyr/drivers/clock_control/libdrivers__clock_control.a(clock_control_nrf.c.obj)
                0x00000000000019b4                z_nrf_clock_control_lf_on
 .text.uart_console_init
                0x0000000000001ab0       0x28 zephyr/drivers/console/libdrivers__console.a(uart_console.c.obj)
 .text.console_out
                0x0000000000001ad8       0x28 zephyr/drivers/console/libdrivers__console.a(uart_console.c.obj)
 .text.gpio_nrfx_pin_interrupt_configure
                0x0000000000001b00       0xd4 zephyr/drivers/gpio/libdrivers__gpio.a(gpio_nrfx.c.obj)
 .text.gpio_nrfx_init
                0x0000000000001bd4       0x38 zephyr/drivers/gpio/libdrivers__gpio.a(gpio_nrfx.c.obj)
 .text.nrfx_gpio_handler
                0x0000000000001c0c       0x4c zephyr/drivers/gpio/libdrivers__gpio.a(gpio_nrfx.c.obj)
 .text.gpio_nrfx_pin_configure
                0x0000000000001c58      0x128 zephyr/drivers/gpio/libdrivers__gpio.a(gpio_nrfx.c.obj)
 .text.uarte_nrfx_configure
                0x0000000000001d80      0x17c zephyr/drivers/serial/libdrivers__serial.a(uart_nrfx_uarte.c.obj)
 .text.uarte_instance_init.constprop.0
                0x0000000000001efc       0xe4 zephyr/drivers/serial/libdrivers__serial.a(uart_nrfx_uarte.c.obj)
 .text.uarte_nrfx_poll_out
                0x0000000000001fe0       0xcc zephyr/drivers/serial/libdrivers__serial.a(uart_nrfx_uarte.c.obj)
 .text.compare_int_lock
                0x00000000000020ac       0x48 zephyr/drivers/timer/libdrivers__timer.a(nrf_rtc_timer.c.obj)
 .text.sys_clock_timeout_handler
                0x00000000000020f4       0x80 zephyr/drivers/timer/libdrivers__timer.a(nrf_rtc_timer.c.obj)
 .text.compare_int_unlock
                0x0000000000002174       0x5c zephyr/drivers/timer/libdrivers__timer.a(nrf_rtc_timer.c.obj)
 .text.z_nrf_rtc_timer_read
                0x00000000000021d0       0x44 zephyr/drivers/timer/libdrivers__timer.a(nrf_rtc_timer.c.obj)
                0x00000000000021d0                z_nrf_rtc_timer_read
 .text.compare_set
                0x0000000000002214      0x148 zephyr/drivers/timer/libdrivers__timer.a(nrf_rtc_timer.c.obj)
 .text.sys_clock_driver_init
                0x000000000000235c       0x80 zephyr/drivers/timer/libdrivers__timer.a(nrf_rtc_timer.c.obj)
 .text.rtc_nrf_isr
                0x00000000000023dc       0xe4 zephyr/drivers/timer/libdrivers__timer.a(nrf_rtc_timer.c.obj)
                0x00000000000023dc                rtc_nrf_isr
 .text.sys_clock_set_timeout
                0x00000000000024c0       0x64 zephyr/drivers/timer/libdrivers__timer.a(nrf_rtc_timer.c.obj)
                0x00000000000024c0                sys_clock_set_timeout
 .text.sys_clock_elapsed
                0x0000000000002524       0x14 zephyr/drivers/timer/libdrivers__timer.a(nrf_rtc_timer.c.obj)
                0x0000000000002524                sys_clock_elapsed
 .text.pinctrl_configure_pins
                0x0000000000002538      0x140 zephyr/drivers/pinctrl/libdrivers__pinctrl.a(pinctrl_nrf.c.obj)
                0x0000000000002538                pinctrl_configure_pins
 .text.nvmc_wait
                0x0000000000002678       0x10 modules/hal_nordic/nrfx/libmodules__hal_nordic__nrfx.a(system_nrf52833.c.obj)
                0x0000000000002678                nvmc_wait
 .text.SystemInit
                0x0000000000002688      0x15c modules/hal_nordic/nrfx/libmodules__hal_nordic__nrfx.a(system_nrf52833.c.obj)
                0x0000000000002688                SystemInit
 .text.nrfx_flag32_alloc
                0x00000000000027e4       0x40 modules/hal_nordic/nrfx/libmodules__hal_nordic__nrfx.a(nrfx_flag32_allocator.c.obj)
                0x00000000000027e4                nrfx_flag32_alloc
 .text.nrfx_flag32_free
                0x0000000000002824       0x40 modules/hal_nordic/nrfx/libmodules__hal_nordic__nrfx.a(nrfx_flag32_allocator.c.obj)
                0x0000000000002824                nrfx_flag32_free
 .text.nrfx_clock_init
                0x0000000000002864       0x20 modules/hal_nordic/nrfx/libmodules__hal_nordic__nrfx.a(nrfx_clock.c.obj)
                0x0000000000002864                nrfx_clock_init
 .text.nrfx_power_clock_irq_handler
                0x0000000000002884       0x64 modules/hal_nordic/nrfx/libmodules__hal_nordic__nrfx.a(nrfx_clock.c.obj)
                0x0000000000002884                nrfx_power_clock_irq_handler
 .text.nrf_gpio_pin_port_decode
                0x00000000000028e8       0x1c modules/hal_nordic/nrfx/libmodules__hal_nordic__nrfx.a(nrfx_gpiote.c.obj)
 .text.pin_in_use_by_te
                0x0000000000002904       0x14 modules/hal_nordic/nrfx/libmodules__hal_nordic__nrfx.a(nrfx_gpiote.c.obj)
 .text.call_handler
                0x0000000000002918       0x3c modules/hal_nordic/nrfx/libmodules__hal_nordic__nrfx.a(nrfx_gpiote.c.obj)
 .text.release_handler
                0x0000000000002954       0x54 modules/hal_nordic/nrfx/libmodules__hal_nordic__nrfx.a(nrfx_gpiote.c.obj)
 .text.pin_handler_trigger_uninit
                0x00000000000029a8       0x38 modules/hal_nordic/nrfx/libmodules__hal_nordic__nrfx.a(nrfx_gpiote.c.obj)
 .text.nrfx_gpiote_input_configure
                0x00000000000029e0      0x15c modules/hal_nordic/nrfx/libmodules__hal_nordic__nrfx.a(nrfx_gpiote.c.obj)
                0x00000000000029e0                nrfx_gpiote_input_configure
 .text.nrfx_gpiote_output_configure
                0x0000000000002b3c       0xe4 modules/hal_nordic/nrfx/libmodules__hal_nordic__nrfx.a(nrfx_gpiote.c.obj)
                0x0000000000002b3c                nrfx_gpiote_output_configure
 .text.nrfx_gpiote_global_callback_set
                0x0000000000002c20        0xc modules/hal_nordic/nrfx/libmodules__hal_nordic__nrfx.a(nrfx_gpiote.c.obj)
                0x0000000000002c20                nrfx_gpiote_global_callback_set
 .text.nrfx_gpiote_channel_get
                0x0000000000002c2c       0x2c modules/hal_nordic/nrfx/libmodules__hal_nordic__nrfx.a(nrfx_gpiote.c.obj)
                0x0000000000002c2c                nrfx_gpiote_channel_get
 .text.nrfx_gpiote_init
                0x0000000000002c58       0x50 modules/hal_nordic/nrfx/libmodules__hal_nordic__nrfx.a(nrfx_gpiote.c.obj)
                0x0000000000002c58                nrfx_gpiote_init
 .text.nrfx_gpiote_is_init
                0x0000000000002ca8       0x14 modules/hal_nordic/nrfx/libmodules__hal_nordic__nrfx.a(nrfx_gpiote.c.obj)
                0x0000000000002ca8                nrfx_gpiote_is_init
 .text.nrfx_gpiote_channel_free
                0x0000000000002cbc        0xc modules/hal_nordic/nrfx/libmodules__hal_nordic__nrfx.a(nrfx_gpiote.c.obj)
                0x0000000000002cbc                nrfx_gpiote_channel_free
 .text.nrfx_gpiote_channel_alloc
                0x0000000000002cc8        0xc modules/hal_nordic/nrfx/libmodules__hal_nordic__nrfx.a(nrfx_gpiote.c.obj)
                0x0000000000002cc8                nrfx_gpiote_channel_alloc
 .text.nrfx_gpiote_trigger_enable
                0x0000000000002cd4       0x90 modules/hal_nordic/nrfx/libmodules__hal_nordic__nrfx.a(nrfx_gpiote.c.obj)
                0x0000000000002cd4                nrfx_gpiote_trigger_enable
 .text.nrfx_gpiote_trigger_disable
                0x0000000000002d64       0x50 modules/hal_nordic/nrfx/libmodules__hal_nordic__nrfx.a(nrfx_gpiote.c.obj)
                0x0000000000002d64                nrfx_gpiote_trigger_disable
 .text.nrfx_gpiote_pin_uninit
                0x0000000000002db4       0x48 modules/hal_nordic/nrfx/libmodules__hal_nordic__nrfx.a(nrfx_gpiote.c.obj)
                0x0000000000002db4                nrfx_gpiote_pin_uninit
 .text.nrfx_gpiote_irq_handler
                0x0000000000002dfc      0x1bc modules/hal_nordic/nrfx/libmodules__hal_nordic__nrfx.a(nrfx_gpiote.c.obj)
                0x0000000000002dfc                nrfx_gpiote_irq_handler
 .text.nrfx_ppi_channel_alloc
                0x0000000000002fb8        0xc modules/hal_nordic/nrfx/libmodules__hal_nordic__nrfx.a(nrfx_ppi.c.obj)
                0x0000000000002fb8                nrfx_ppi_channel_alloc
 .text._DoInit  0x0000000000002fc4       0x6c modules/segger/libmodules__segger.a(SEGGER_RTT.c.obj)
 .text.z_sys_init_run_level
                0x0000000000003030       0x44 zephyr/kernel/libkernel.a(init.c.obj)
 .text.bg_thread_main
                0x0000000000003074       0x34 zephyr/kernel/libkernel.a(init.c.obj)
 .text.z_bss_zero
                0x00000000000030a8       0x18 zephyr/kernel/libkernel.a(init.c.obj)
                0x00000000000030a8                z_bss_zero
 .text.z_init_cpu
                0x00000000000030c0       0x70 zephyr/kernel/libkernel.a(init.c.obj)
                0x00000000000030c0                z_init_cpu
 .text.z_cstart
                0x0000000000003130       0xdc zephyr/kernel/libkernel.a(init.c.obj)
                0x0000000000003130                z_cstart
 .text.z_setup_new_thread
                0x000000000000320c       0x64 zephyr/kernel/libkernel.a(thread.c.obj)
                0x000000000000320c                z_setup_new_thread
 .text.z_init_static_threads
                0x0000000000003270       0xb8 zephyr/kernel/libkernel.a(thread.c.obj)
                0x0000000000003270                z_init_static_threads
 .text.idle     0x0000000000003328       0x38 zephyr/kernel/libkernel.a(idle.c.obj)
                0x0000000000003328                idle
 .text.z_impl_k_sem_give
                0x0000000000003360       0x40 zephyr/kernel/libkernel.a(sem.c.obj)
                0x0000000000003360                z_impl_k_sem_give
 .text.z_impl_k_sem_take
                0x00000000000033a0       0x50 zephyr/kernel/libkernel.a(sem.c.obj)
                0x00000000000033a0                z_impl_k_sem_take
 .text.z_reset_time_slice
                0x00000000000033f0       0x28 zephyr/kernel/libkernel.a(sched.c.obj)
                0x00000000000033f0                z_reset_time_slice
 .text.update_cache
                0x0000000000003418       0x3c zephyr/kernel/libkernel.a(sched.c.obj)
 .text.move_thread_to_end_of_prio_q
                0x0000000000003454       0x74 zephyr/kernel/libkernel.a(sched.c.obj)
 .text.ready_thread
                0x00000000000034c8       0x68 zephyr/kernel/libkernel.a(sched.c.obj)
 .text.unready_thread
                0x0000000000003530       0x30 zephyr/kernel/libkernel.a(sched.c.obj)
 .text.pend_locked
                0x0000000000003560       0x30 zephyr/kernel/libkernel.a(sched.c.obj)
 .text.k_sched_time_slice_set
                0x0000000000003590       0x64 zephyr/kernel/libkernel.a(sched.c.obj)
                0x0000000000003590                k_sched_time_slice_set
 .text.z_time_slice
                0x00000000000035f4       0x84 zephyr/kernel/libkernel.a(sched.c.obj)
                0x00000000000035f4                z_time_slice
 .text.z_pend_curr
                0x0000000000003678       0x3c zephyr/kernel/libkernel.a(sched.c.obj)
                0x0000000000003678                z_pend_curr
 .text.z_reschedule
                0x00000000000036b4       0x24 zephyr/kernel/libkernel.a(sched.c.obj)
                0x00000000000036b4                z_reschedule
 .text.z_sched_start
                0x00000000000036d8       0x3c zephyr/kernel/libkernel.a(sched.c.obj)
                0x00000000000036d8                z_sched_start
 .text.z_impl_k_thread_suspend
                0x0000000000003714       0x64 zephyr/kernel/libkernel.a(sched.c.obj)
                0x0000000000003714                z_impl_k_thread_suspend
 .text.k_sched_lock
                0x0000000000003778       0x28 zephyr/kernel/libkernel.a(sched.c.obj)
                0x0000000000003778                k_sched_lock
 .text.k_sched_unlock
                0x00000000000037a0       0x38 zephyr/kernel/libkernel.a(sched.c.obj)
                0x00000000000037a0                k_sched_unlock
 .text.z_sched_init
                0x00000000000037d8       0x18 zephyr/kernel/libkernel.a(sched.c.obj)
                0x00000000000037d8                z_sched_init
 .text.z_impl_k_yield
                0x00000000000037f0       0x7c zephyr/kernel/libkernel.a(sched.c.obj)
                0x00000000000037f0                z_impl_k_yield
 .text.z_tick_sleep
                0x000000000000386c       0x88 zephyr/kernel/libkernel.a(sched.c.obj)
 .text.z_impl_k_sleep
                0x00000000000038f4       0x34 zephyr/kernel/libkernel.a(sched.c.obj)
                0x00000000000038f4                z_impl_k_sleep
 .text.z_impl_z_current_get
                0x0000000000003928        0xc zephyr/kernel/libkernel.a(sched.c.obj)
                0x0000000000003928                z_impl_z_current_get
 .text.z_thread_abort
                0x0000000000003934       0xc0 zephyr/kernel/libkernel.a(sched.c.obj)
                0x0000000000003934                z_thread_abort
 .text.z_data_copy
                0x00000000000039f4       0x34 zephyr/kernel/libkernel.a(xip.c.obj)
                0x00000000000039f4                z_data_copy
 .text.elapsed  0x0000000000003a28       0x14 zephyr/kernel/libkernel.a(timeout.c.obj)
 .text.next_timeout
                0x0000000000003a3c       0x50 zephyr/kernel/libkernel.a(timeout.c.obj)
 .text.remove_timeout
                0x0000000000003a8c       0x38 zephyr/kernel/libkernel.a(timeout.c.obj)
 .text.z_add_timeout
                0x0000000000003ac4       0xfc zephyr/kernel/libkernel.a(timeout.c.obj)
                0x0000000000003ac4                z_add_timeout
 .text.sys_clock_announce
                0x0000000000003bc0       0xb4 zephyr/kernel/libkernel.a(timeout.c.obj)
                0x0000000000003bc0                sys_clock_announce
 .text.sys_clock_tick_get
                0x0000000000003c74       0x34 zephyr/kernel/libkernel.a(timeout.c.obj)
                0x0000000000003c74                sys_clock_tick_get
 .text.boot_banner
                0x0000000000003ca8        0xc zephyr/kernel/libkernel.a(banner.c.obj)
                0x0000000000003ca8                boot_banner
 .text.sum      0x0000000000003cb4        0x4 app/libapp.a(myfunction.c.obj)
                0x0000000000003cb4                sum
 .text.arch_printk_char_out
                0x0000000000003cb8        0x4 zephyr/libzephyr.a(printk.c.obj)
                0x0000000000003cb8                arch_printk_char_out
 .text.printk   0x0000000000003cbc       0x1a zephyr/libzephyr.a(printk.c.obj)
                0x0000000000003cbc                printk
 .text.z_thread_entry
                0x0000000000003cd6       0x14 zephyr/libzephyr.a(thread_entry.c.obj)
                0x0000000000003cd6                z_thread_entry
 .text.process_recheck
                0x0000000000003cea       0x38 zephyr/libzephyr.a(onoff.c.obj)
 .text.validate_args
                0x0000000000003d22       0x20 zephyr/libzephyr.a(onoff.c.obj)
 .text.notify_one
                0x0000000000003d42       0x2c zephyr/libzephyr.a(onoff.c.obj)
 .text.transition_complete
                0x0000000000003d6e       0x1c zephyr/libzephyr.a(onoff.c.obj)
 .text.onoff_manager_init
                0x0000000000003d8a       0x26 zephyr/libzephyr.a(onoff.c.obj)
                0x0000000000003d8a                onoff_manager_init
 .text.onoff_request
                0x0000000000003db0       0xb0 zephyr/libzephyr.a(onoff.c.obj)
                0x0000000000003db0                onoff_request
 .text.sys_notify_validate
                0x0000000000003e60       0x22 zephyr/libzephyr.a(notify.c.obj)
                0x0000000000003e60                sys_notify_validate
 .text.sys_notify_finalize
                0x0000000000003e82       0x1a zephyr/libzephyr.a(notify.c.obj)
                0x0000000000003e82                sys_notify_finalize
 .text.encode_uint
                0x0000000000003e9c       0x8c zephyr/libzephyr.a(cbprintf_complete.c.obj)
 .text.outs     0x0000000000003f28       0x2e zephyr/libzephyr.a(cbprintf_complete.c.obj)
 .text._ConfigAbsSyms
                0x0000000000003f56        0x2 zephyr/libzephyr.a(configs.c.obj)
                0x0000000000003f56                _ConfigAbsSyms
 .text.z_arm_fatal_error
                0x0000000000003f58        0x4 zephyr/arch/arch/arm/core/aarch32/libarch__arm__core__aarch32.a(fatal.c.obj)
                0x0000000000003f58                z_arm_fatal_error
 .text.z_do_kernel_oops
                0x0000000000003f5c        0x8 zephyr/arch/arch/arm/core/aarch32/libarch__arm__core__aarch32.a(fatal.c.obj)
                0x0000000000003f5c                z_do_kernel_oops
 .text.z_irq_spurious
                0x0000000000003f64        0x8 zephyr/arch/arch/arm/core/aarch32/libarch__arm__core__aarch32.a(irq_manage.c.obj)
                0x0000000000003f64                z_irq_spurious
 .text.z_arm_nmi
                0x0000000000003f6c        0xe zephyr/arch/arch/arm/core/aarch32/libarch__arm__core__aarch32.a(nmi.c.obj)
                0x0000000000003f6c                z_arm_nmi
 .text.strcpy   0x0000000000003f7a       0x14 zephyr/lib/libc/minimal/liblib__libc__minimal.a(string.c.obj)
                0x0000000000003f7a                strcpy
 .text.strlen   0x0000000000003f8e        0xe zephyr/lib/libc/minimal/liblib__libc__minimal.a(string.c.obj)
                0x0000000000003f8e                strlen
 .text.strnlen  0x0000000000003f9c       0x12 zephyr/lib/libc/minimal/liblib__libc__minimal.a(string.c.obj)
                0x0000000000003f9c                strnlen
 .text.memcpy   0x0000000000003fae       0x16 zephyr/lib/libc/minimal/liblib__libc__minimal.a(string.c.obj)
                0x0000000000003fae                memcpy
 .text.memset   0x0000000000003fc4       0x12 zephyr/lib/libc/minimal/liblib__libc__minimal.a(string.c.obj)
                0x0000000000003fc4                memset
 .text._stdout_hook_default
                0x0000000000003fd6        0x6 zephyr/lib/libc/minimal/liblib__libc__minimal.a(stdout_console.c.obj)
 .text.pm_state_set
                0x0000000000003fdc       0x18 zephyr/soc/arm/nordic_nrf/nrf52/libsoc__arm__nordic_nrf__nrf52.a(power.c.obj)
                0x0000000000003fdc                pm_state_set
 .text.pm_state_exit_post_ops
                0x0000000000003ff4        0xc zephyr/soc/arm/nordic_nrf/nrf52/libsoc__arm__nordic_nrf__nrf52.a(power.c.obj)
                0x0000000000003ff4                pm_state_exit_post_ops
 .text.get_status
                0x0000000000004000       0x12 zephyr/drivers/clock_control/libdrivers__clock_control.a(clock_control_nrf.c.obj)
 .text.set_on_state
                0x0000000000004012       0x26 zephyr/drivers/clock_control/libdrivers__clock_control.a(clock_control_nrf.c.obj)
 .text.stop     0x0000000000004038       0x54 zephyr/drivers/clock_control/libdrivers__clock_control.a(clock_control_nrf.c.obj)
 .text.api_stop
                0x000000000000408c        0x6 zephyr/drivers/clock_control/libdrivers__clock_control.a(clock_control_nrf.c.obj)
 .text.async_start
                0x0000000000004092       0x5e zephyr/drivers/clock_control/libdrivers__clock_control.a(clock_control_nrf.c.obj)
 .text.api_start
                0x00000000000040f0        0xe zephyr/drivers/clock_control/libdrivers__clock_control.a(clock_control_nrf.c.obj)
 .text.onoff_started_callback
                0x00000000000040fe       0x12 zephyr/drivers/clock_control/libdrivers__clock_control.a(clock_control_nrf.c.obj)
 .text.lfclk_start
                0x0000000000004110        0x6 zephyr/drivers/clock_control/libdrivers__clock_control.a(clock_control_nrf.c.obj)
 .text.lfclk_stop
                0x0000000000004116        0x6 zephyr/drivers/clock_control/libdrivers__clock_control.a(clock_control_nrf.c.obj)
 .text.blocking_start_callback
                0x000000000000411c        0x6 zephyr/drivers/clock_control/libdrivers__clock_control.a(clock_control_nrf.c.obj)
 .text.gpio_nrfx_port_get_raw
                0x0000000000004122        0xe zephyr/drivers/gpio/libdrivers__gpio.a(gpio_nrfx.c.obj)
 .text.gpio_nrfx_port_set_masked_raw
                0x0000000000004130       0x18 zephyr/drivers/gpio/libdrivers__gpio.a(gpio_nrfx.c.obj)
 .text.gpio_nrfx_port_set_bits_raw
                0x0000000000004148        0xc zephyr/drivers/gpio/libdrivers__gpio.a(gpio_nrfx.c.obj)
 .text.gpio_nrfx_port_clear_bits_raw
                0x0000000000004154        0xc zephyr/drivers/gpio/libdrivers__gpio.a(gpio_nrfx.c.obj)
 .text.gpio_nrfx_port_toggle_bits
                0x0000000000004160       0x1a zephyr/drivers/gpio/libdrivers__gpio.a(gpio_nrfx.c.obj)
 .text.gpio_nrfx_manage_callback
                0x000000000000417a       0x52 zephyr/drivers/gpio/libdrivers__gpio.a(gpio_nrfx.c.obj)
 .text.uarte_nrfx_config_get
                0x00000000000041cc       0x10 zephyr/drivers/serial/libdrivers__serial.a(uart_nrfx_uarte.c.obj)
 .text.uarte_nrfx_err_check
                0x00000000000041dc        0xe zephyr/drivers/serial/libdrivers__serial.a(uart_nrfx_uarte.c.obj)
 .text.uarte_nrfx_poll_in
                0x00000000000041ea       0x28 zephyr/drivers/serial/libdrivers__serial.a(uart_nrfx_uarte.c.obj)
 .text.is_tx_ready.isra.0
                0x0000000000004212       0x20 zephyr/drivers/serial/libdrivers__serial.a(uart_nrfx_uarte.c.obj)
 .text.uarte_nrfx_isr_int
                0x0000000000004232       0x72 zephyr/drivers/serial/libdrivers__serial.a(uart_nrfx_uarte.c.obj)
 .text.uarte_1_init
                0x00000000000042a4       0x1e zephyr/drivers/serial/libdrivers__serial.a(uart_nrfx_uarte.c.obj)
 .text.uarte_0_init
                0x00000000000042c2       0x1e zephyr/drivers/serial/libdrivers__serial.a(uart_nrfx_uarte.c.obj)
 .text.sys_clock_idle_exit
                0x00000000000042e0        0x2 zephyr/drivers/timer/libdrivers__timer.a(sys_clock_init.c.obj)
                0x00000000000042e0                sys_clock_idle_exit
 .text.pinctrl_lookup_state
                0x00000000000042e2       0x2c zephyr/drivers/pinctrl/libdrivers__pinctrl.a(common.c.obj)
                0x00000000000042e2                pinctrl_lookup_state
 .text.k_sys_fatal_error_handler
                0x000000000000430e        0x8 modules/nrf/lib/fatal_error/lib..__nrf__lib__fatal_error.a(fatal_error.c.obj)
                0x000000000000430e                k_sys_fatal_error_handler
 .text.nrfx_isr
                0x0000000000004316        0x2 modules/hal_nordic/nrfx/libmodules__hal_nordic__nrfx.a(nrfx_glue.c.obj)
                0x0000000000004316                nrfx_isr
 .text.nrfx_busy_wait
                0x0000000000004318        0x4 modules/hal_nordic/nrfx/libmodules__hal_nordic__nrfx.a(nrfx_glue.c.obj)
                0x0000000000004318                nrfx_busy_wait
 .text.clock_stop
                0x000000000000431c       0xb4 modules/hal_nordic/nrfx/libmodules__hal_nordic__nrfx.a(nrfx_clock.c.obj)
 .text.nrfx_clock_enable
                0x00000000000043d0       0x1a modules/hal_nordic/nrfx/libmodules__hal_nordic__nrfx.a(nrfx_clock.c.obj)
                0x00000000000043d0                nrfx_clock_enable
 .text.nrfx_clock_start
                0x00000000000043ea       0x78 modules/hal_nordic/nrfx/libmodules__hal_nordic__nrfx.a(nrfx_clock.c.obj)
                0x00000000000043ea                nrfx_clock_start
 .text.nrfx_clock_stop
                0x0000000000004462        0x4 modules/hal_nordic/nrfx/libmodules__hal_nordic__nrfx.a(nrfx_clock.c.obj)
                0x0000000000004462                nrfx_clock_stop
 .text.nrf_gpio_reconfigure
                0x0000000000004466       0x92 modules/hal_nordic/nrfx/libmodules__hal_nordic__nrfx.a(nrfx_gpiote.c.obj)
 .text.nrf_gpio_cfg_sense_set
                0x00000000000044f8       0x1e modules/hal_nordic/nrfx/libmodules__hal_nordic__nrfx.a(nrfx_gpiote.c.obj)
 .text.SEGGER_RTT_Init
                0x0000000000004516        0x4 modules/segger/libmodules__segger.a(SEGGER_RTT.c.obj)
                0x0000000000004516                SEGGER_RTT_Init
 .text.rtt_init
                0x000000000000451a        0xa modules/segger/libmodules__segger.a(SEGGER_RTT_zephyr.c.obj)
 .text.z_device_state_init
                0x0000000000004524        0x2 zephyr/kernel/libkernel.a(device.c.obj)
                0x0000000000004524                z_device_state_init
 .text.z_device_is_ready
                0x0000000000004526       0x16 zephyr/kernel/libkernel.a(device.c.obj)
                0x0000000000004526                z_device_is_ready
 .text.z_fatal_error
                0x000000000000453c       0x36 zephyr/kernel/libkernel.a(fatal.c.obj)
                0x000000000000453c                z_fatal_error
 .text.z_early_memset
                0x0000000000004572        0x4 zephyr/kernel/libkernel.a(init.c.obj)
                0x0000000000004572                z_early_memset
 .text.z_early_memcpy
                0x0000000000004576        0x4 zephyr/kernel/libkernel.a(init.c.obj)
                0x0000000000004576                z_early_memcpy
 .text.k_is_in_isr
                0x000000000000457a        0xc zephyr/kernel/libkernel.a(thread.c.obj)
                0x000000000000457a                k_is_in_isr
 .text.z_pm_save_idle_exit
                0x0000000000004586        0xe zephyr/kernel/libkernel.a(idle.c.obj)
                0x0000000000004586                z_pm_save_idle_exit
 .text.sys_dlist_remove
                0x0000000000004594       0x10 zephyr/kernel/libkernel.a(sched.c.obj)
 .text.unpend_thread_no_timeout
                0x00000000000045a4       0x14 zephyr/kernel/libkernel.a(sched.c.obj)
 .text.z_thread_timeout
                0x00000000000045b8       0x44 zephyr/kernel/libkernel.a(sched.c.obj)
                0x00000000000045b8                z_thread_timeout
 .text.add_to_waitq_locked
                0x00000000000045fc       0x50 zephyr/kernel/libkernel.a(sched.c.obj)
 .text.z_ready_thread
                0x000000000000464c       0x20 zephyr/kernel/libkernel.a(sched.c.obj)
                0x000000000000464c                z_ready_thread
 .text.z_unpend_first_thread
                0x000000000000466c       0x38 zephyr/kernel/libkernel.a(sched.c.obj)
                0x000000000000466c                z_unpend_first_thread
 .text.z_reschedule_irqlock
                0x00000000000046a4       0x18 zephyr/kernel/libkernel.a(sched.c.obj)
                0x00000000000046a4                z_reschedule_irqlock
 .text.z_reschedule_unlocked
                0x00000000000046bc       0x14 zephyr/kernel/libkernel.a(sched.c.obj)
 .text.z_abort_timeout
                0x00000000000046d0       0x2c zephyr/kernel/libkernel.a(timeout.c.obj)
                0x00000000000046d0                z_abort_timeout
 .text.z_get_next_timeout_expiry
                0x00000000000046fc       0x20 zephyr/kernel/libkernel.a(timeout.c.obj)
                0x00000000000046fc                z_get_next_timeout_expiry
 .text.z_set_timeout_expiry
                0x000000000000471c       0x38 zephyr/kernel/libkernel.a(timeout.c.obj)
                0x000000000000471c                z_set_timeout_expiry
 .text.sys_clock_tick_get_32
                0x0000000000004754        0x8 zephyr/kernel/libkernel.a(timeout.c.obj)
                0x0000000000004754                sys_clock_tick_get_32
 .text.z_impl_k_busy_wait
                0x000000000000475c        0x8 zephyr/kernel/libkernel.a(timeout.c.obj)
                0x000000000000475c                z_impl_k_busy_wait
 .text._OffsetAbsSyms
                0x0000000000004764        0x2 zephyr/CMakeFiles/offsets.dir/./arch/arm/core/offsets/offsets.c.obj
                0x0000000000004764                _OffsetAbsSyms
 *(SORT_BY_ALIGNMENT(.TEXT.*))
 *(SORT_BY_ALIGNMENT(.gnu.linkonce.t.*))
 *(SORT_BY_ALIGNMENT(.glue_7t))
 .glue_7t       0x0000000000004766        0x0 linker stubs
 *(SORT_BY_ALIGNMENT(.glue_7))
 .glue_7        0x0000000000004766        0x0 linker stubs
 *(SORT_BY_ALIGNMENT(.vfp11_veneer))
 .vfp11_veneer  0x0000000000004766        0x0 linker stubs
 *(SORT_BY_ALIGNMENT(.v4_bx))
 .v4_bx         0x0000000000004766        0x0 linker stubs
                0x0000000000004768                . = ALIGN (0x4)
 *fill*         0x0000000000004766        0x2 
                0x0000000000004768                __text_region_end = .

.ARM.exidx      0x0000000000004768        0x8
                0x0000000000004768                __exidx_start = .
 *(SORT_BY_ALIGNMENT(.ARM.exidx*) SORT_BY_ALIGNMENT(gnu.linkonce.armexidx.*))
 .ARM.exidx     0x0000000000004768        0x8 /home/hfl2/nordicsemi/toolchains/v2.2.0/opt/zephyr-sdk/arm-zephyr-eabi/bin/../lib/gcc/arm-zephyr-eabi/12.1.0/thumb/v7e-m/nofp/libgcc.a(_udivmoddi4.o)
                0x0000000000004770                __exidx_end = .
                0x0000000000004770                __rodata_region_start = .

initlevel       0x0000000000004770       0x48
                0x0000000000004770                __init_start = .
                0x0000000000004770                __init_EARLY_start = .
 *(SORT_BY_NAME(SORT_BY_ALIGNMENT(.z_init_EARLY[0-9]_*)))
 *(SORT_BY_NAME(SORT_BY_ALIGNMENT(.z_init_EARLY[1-9][0-9]_*)))
                0x0000000000004770                __init_PRE_KERNEL_1_start = .
 *(SORT_BY_NAME(SORT_BY_ALIGNMENT(.z_init_PRE_KERNEL_1[0-9]_*)))
 .z_init_PRE_KERNEL_10_
                0x0000000000004770        0x8 zephyr/soc/arm/nordic_nrf/nrf52/libsoc__arm__nordic_nrf__nrf52.a(soc.c.obj)
 *(SORT_BY_NAME(SORT_BY_ALIGNMENT(.z_init_PRE_KERNEL_1[1-9][0-9]_*)))
 .z_init_PRE_KERNEL_130_
                0x0000000000004778        0x8 zephyr/drivers/clock_control/libdrivers__clock_control.a(clock_control_nrf.c.obj)
 .z_init_PRE_KERNEL_130_
                0x0000000000004780        0x8 modules/segger/libmodules__segger.a(SEGGER_RTT_zephyr.c.obj)
 .z_init_PRE_KERNEL_140_
                0x0000000000004788       0x10 zephyr/drivers/gpio/libdrivers__gpio.a(gpio_nrfx.c.obj)
 .z_init_PRE_KERNEL_155_
                0x0000000000004798       0x10 zephyr/drivers/serial/libdrivers__serial.a(uart_nrfx_uarte.c.obj)
 .z_init_PRE_KERNEL_160_
                0x00000000000047a8        0x8 zephyr/drivers/console/libdrivers__console.a(uart_console.c.obj)
                0x00000000000047b0                __init_PRE_KERNEL_2_start = .
 *(SORT_BY_NAME(SORT_BY_ALIGNMENT(.z_init_PRE_KERNEL_2[0-9]_*)))
 .z_init_PRE_KERNEL_20_
                0x00000000000047b0        0x8 zephyr/drivers/timer/libdrivers__timer.a(nrf_rtc_timer.c.obj)
 *(SORT_BY_NAME(SORT_BY_ALIGNMENT(.z_init_PRE_KERNEL_2[1-9][0-9]_*)))
                0x00000000000047b8                __init_POST_KERNEL_start = .
 *(SORT_BY_NAME(SORT_BY_ALIGNMENT(.z_init_POST_KERNEL[0-9]_*)))
 *(SORT_BY_NAME(SORT_BY_ALIGNMENT(.z_init_POST_KERNEL[1-9][0-9]_*)))
                0x00000000000047b8                __init_APPLICATION_start = .
 *(SORT_BY_NAME(SORT_BY_ALIGNMENT(.z_init_APPLICATION[0-9]_*)))
 *(SORT_BY_NAME(SORT_BY_ALIGNMENT(.z_init_APPLICATION[1-9][0-9]_*)))
                0x00000000000047b8                __init_SMP_start = .
 *(SORT_BY_NAME(SORT_BY_ALIGNMENT(.z_init_SMP[0-9]_*)))
 *(SORT_BY_NAME(SORT_BY_ALIGNMENT(.z_init_SMP[1-9][0-9]_*)))
                0x00000000000047b8                __init_end = .

devices         0x00000000000047b8       0x78
                0x00000000000047b8                __device_start = .
                0x00000000000047b8                __device_EARLY_start = .
 *(SORT_BY_NAME(SORT_BY_ALIGNMENT(.z_device_EARLY[0-9]_*)))
 *(SORT_BY_NAME(SORT_BY_ALIGNMENT(.z_device_EARLY[1-9][0-9]_*)))
                0x00000000000047b8                __device_PRE_KERNEL_1_start = .
 *(SORT_BY_NAME(SORT_BY_ALIGNMENT(.z_device_PRE_KERNEL_1[0-9]_*)))
 *(SORT_BY_NAME(SORT_BY_ALIGNMENT(.z_device_PRE_KERNEL_1[1-9][0-9]_*)))
 .z_device_PRE_KERNEL_130_
                0x00000000000047b8       0x18 zephyr/drivers/clock_control/libdrivers__clock_control.a(clock_control_nrf.c.obj)
                0x00000000000047b8                __device_dts_ord_64
 .z_device_PRE_KERNEL_140_
                0x00000000000047d0       0x30 zephyr/drivers/gpio/libdrivers__gpio.a(gpio_nrfx.c.obj)
                0x00000000000047d0                __device_dts_ord_74
                0x00000000000047e8                __device_dts_ord_10
 .z_device_PRE_KERNEL_155_
                0x0000000000004800       0x30 zephyr/drivers/serial/libdrivers__serial.a(uart_nrfx_uarte.c.obj)
                0x0000000000004800                __device_dts_ord_104
                0x0000000000004818                __device_dts_ord_103
                0x0000000000004830                __device_PRE_KERNEL_2_start = .
 *(SORT_BY_NAME(SORT_BY_ALIGNMENT(.z_device_PRE_KERNEL_2[0-9]_*)))
 *(SORT_BY_NAME(SORT_BY_ALIGNMENT(.z_device_PRE_KERNEL_2[1-9][0-9]_*)))
                0x0000000000004830                __device_POST_KERNEL_start = .
 *(SORT_BY_NAME(SORT_BY_ALIGNMENT(.z_device_POST_KERNEL[0-9]_*)))
 *(SORT_BY_NAME(SORT_BY_ALIGNMENT(.z_device_POST_KERNEL[1-9][0-9]_*)))
                0x0000000000004830                __device_APPLICATION_start = .
 *(SORT_BY_NAME(SORT_BY_ALIGNMENT(.z_device_APPLICATION[0-9]_*)))
 *(SORT_BY_NAME(SORT_BY_ALIGNMENT(.z_device_APPLICATION[1-9][0-9]_*)))
                0x0000000000004830                __device_SMP_start = .
 *(SORT_BY_NAME(SORT_BY_ALIGNMENT(.z_device_SMP[0-9]_*)))
 *(SORT_BY_NAME(SORT_BY_ALIGNMENT(.z_device_SMP[1-9][0-9]_*)))
                0x0000000000004830                __device_end = .

sw_isr_table    0x0000000000004830      0x180
                0x0000000000004830                . = ALIGN (0x4)
 *(SORT_BY_ALIGNMENT(.gnu.linkonce.sw_isr_table*))
 .gnu.linkonce.sw_isr_table
                0x0000000000004830      0x180 zephyr/arch/common/libisr_tables.a(isr_tables.c.obj)
                0x0000000000004830                _sw_isr_table

initlevel_error
                0x0000000000004770        0x0
 *(SORT_BY_NAME(SORT_BY_ALIGNMENT(.z_init_[_A-Z0-9]*)))
                0x0000000000000001                ASSERT ((SIZEOF (initlevel_error) == 0x0), Undefined initialization levels used.)

app_shmem_regions
                0x00000000000049b0        0x0
                0x00000000000049b0                __app_shmem_regions_start = .
 *(SORT_BY_NAME(SORT_BY_ALIGNMENT(.app_regions.*)))
                0x00000000000049b0                __app_shmem_regions_end = .

k_p4wq_initparam_area
                0x00000000000049b0        0x0
                0x00000000000049b0                _k_p4wq_initparam_list_start = .
 *(SORT_BY_NAME(SORT_BY_ALIGNMENT(._k_p4wq_initparam.static.*)))
                0x00000000000049b0                _k_p4wq_initparam_list_end = .

_static_thread_data_area
                0x00000000000049b0        0x0
                0x00000000000049b0                __static_thread_data_list_start = .
 *(SORT_BY_NAME(SORT_BY_ALIGNMENT(.__static_thread_data.static.*)))
                0x00000000000049b0                __static_thread_data_list_end = .

device_handles  0x00000000000049b0       0x1e
                0x00000000000049b0                __device_handles_start = .
 *(SORT_BY_NAME(SORT_BY_ALIGNMENT(.__device_handles_pass2*)))
 .__device_handles_pass2
                0x00000000000049b0       0x1e zephyr/CMakeFiles/zephyr_pre1.dir/dev_handles.c.obj
                0x00000000000049b0                __devicehdl_dts_ord_103
                0x00000000000049b6                __devicehdl_dts_ord_104
                0x00000000000049bc                __devicehdl_dts_ord_10
                0x00000000000049c2                __devicehdl_dts_ord_74
                0x00000000000049c8                __devicehdl_dts_ord_64
                0x00000000000049ce                __device_handles_end = .

ztest           0x00000000000049ce        0x0
                0x00000000000049ce                _ztest_expected_result_entry_list_start = .
 *(SORT_BY_NAME(SORT_BY_ALIGNMENT(._ztest_expected_result_entry.static.*)))
                0x00000000000049ce                _ztest_expected_result_entry_list_end = .
                0x00000000000049ce                _ztest_suite_node_list_start = .
 *(SORT_BY_NAME(SORT_BY_ALIGNMENT(._ztest_suite_node.static.*)))
                0x00000000000049ce                _ztest_suite_node_list_end = .
                0x00000000000049ce                _ztest_unit_test_list_start = .
 *(SORT_BY_NAME(SORT_BY_ALIGNMENT(._ztest_unit_test.static.*)))
                0x00000000000049ce                _ztest_unit_test_list_end = .
                0x00000000000049ce                _ztest_test_rule_list_start = .
 *(SORT_BY_NAME(SORT_BY_ALIGNMENT(._ztest_test_rule.static.*)))
                0x00000000000049ce                _ztest_test_rule_list_end = .

bt_l2cap_fixed_chan_area
                0x00000000000049ce        0x0
                0x00000000000049ce                _bt_l2cap_fixed_chan_list_start = .
 *(SORT_BY_NAME(SORT_BY_ALIGNMENT(._bt_l2cap_fixed_chan.static.*)))
                0x00000000000049ce                _bt_l2cap_fixed_chan_list_end = .

bt_gatt_service_static_area
                0x00000000000049ce        0x0
                0x00000000000049ce                _bt_gatt_service_static_list_start = .
 *(SORT_BY_NAME(SORT_BY_ALIGNMENT(._bt_gatt_service_static.static.*)))
                0x00000000000049ce                _bt_gatt_service_static_list_end = .

log_strings_sections
                0x00000000000049ce        0x0
                0x00000000000049ce                __log_strings_start = .
 *(SORT_BY_NAME(SORT_BY_ALIGNMENT(.log_strings*)))
                0x00000000000049ce                __log_strings_end = .

log_const_sections
                0x00000000000049ce        0x0
                0x00000000000049ce                __log_const_start = .
 *(SORT_BY_NAME(SORT_BY_ALIGNMENT(.log_const_*)))
                0x00000000000049ce                __log_const_end = .

log_backend_area
                0x00000000000049ce        0x0
                0x00000000000049ce                _log_backend_list_start = .
 *(SORT_BY_NAME(SORT_BY_ALIGNMENT(._log_backend.static.*)))
                0x00000000000049ce                _log_backend_list_end = .

log_link_area   0x00000000000049ce        0x0
                0x00000000000049ce                _log_link_list_start = .
 *(SORT_BY_NAME(SORT_BY_ALIGNMENT(._log_link.static.*)))
                0x00000000000049ce                _log_link_list_end = .

tracing_backend_area
                0x00000000000049ce        0x0
                0x00000000000049ce                _tracing_backend_list_start = .
 *(SORT_BY_NAME(SORT_BY_ALIGNMENT(._tracing_backend.static.*)))
                0x00000000000049ce                _tracing_backend_list_end = .

zephyr_dbg_info
 *(SORT_BY_ALIGNMENT(.dbg_thread_info))

symbol_to_keep  0x00000000000049ce        0x0
                0x00000000000049ce                __symbol_to_keep_start = .
 *(SORT_BY_NAME(SORT_BY_ALIGNMENT(.symbol_to_keep*)))
                0x00000000000049ce                __symbol_to_keep_end = .

shell_area      0x00000000000049ce        0x0
                0x00000000000049ce                _shell_list_start = .
 *(SORT_BY_NAME(SORT_BY_ALIGNMENT(._shell.static.*)))
                0x00000000000049ce                _shell_list_end = .

shell_root_cmds_sections
                0x00000000000049ce        0x0
                0x00000000000049ce                __shell_root_cmds_start = .
 *(SORT_BY_NAME(SORT_BY_ALIGNMENT(.shell_root_cmd_*)))
                0x00000000000049ce                __shell_root_cmds_end = .

shell_subcmds_sections
                0x00000000000049ce        0x0
                0x00000000000049ce                __shell_subcmds_start = .
 *(SORT_BY_NAME(SORT_BY_ALIGNMENT(.shell_subcmd_*)))
                0x00000000000049ce                __shell_subcmds_end = .

shell_dynamic_subcmds_sections
                0x00000000000049ce        0x0
                0x00000000000049ce                __shell_dynamic_subcmds_start = .
 *(SORT_BY_NAME(SORT_BY_ALIGNMENT(.shell_dynamic_subcmd_*)))
                0x00000000000049ce                __shell_dynamic_subcmds_end = .

font_entry_sections
                0x00000000000049ce        0x0
                0x00000000000049ce                __font_entry_start = .
 *(SORT_BY_NAME(SORT_BY_ALIGNMENT(._cfb_font.*)))
                0x00000000000049ce                __font_entry_end = .

rodata          0x00000000000049d0      0x200
 *(SORT_BY_ALIGNMENT(.rodata))
 *(SORT_BY_ALIGNMENT(.rodata.*))
 .rodata.delay_machine_code.0
                0x00000000000049d0        0x6 zephyr/soc/arm/nordic_nrf/nrf52/libsoc__arm__nordic_nrf__nrf52.a(soc.c.obj)
 *fill*         0x00000000000049d6        0x2 
 .rodata.pmstates_DT_N_S_cpus_S_cpu_0
                0x00000000000049d8        0x0 zephyr/libzephyr.a(state.c.obj)
 .rodata.static_regions
                0x00000000000049d8        0xc zephyr/arch/arch/arm/core/aarch32/mpu/libarch__arm__core__aarch32__mpu.a(arm_core_mpu.c.obj)
 .rodata.mpu_config
                0x00000000000049e4        0x8 zephyr/soc/arm/common/cortex_m/libsoc__arm__common__cortex_m.a(arm_mpu_regions.c.obj)
                0x00000000000049e4                mpu_config
 .rodata.mpu_regions
                0x00000000000049ec       0x18 zephyr/soc/arm/common/cortex_m/libsoc__arm__common__cortex_m.a(arm_mpu_regions.c.obj)
 .rodata.transitions.0
                0x0000000000004a04        0xc zephyr/drivers/clock_control/libdrivers__clock_control.a(clock_control_nrf.c.obj)
 .rodata.config
                0x0000000000004a10       0x10 zephyr/drivers/clock_control/libdrivers__clock_control.a(clock_control_nrf.c.obj)
 .rodata.clock_control_api
                0x0000000000004a20       0x1c zephyr/drivers/clock_control/libdrivers__clock_control.a(clock_control_nrf.c.obj)
 .rodata.gpio_nrfx_p1_cfg
                0x0000000000004a3c       0x10 zephyr/drivers/gpio/libdrivers__gpio.a(gpio_nrfx.c.obj)
 .rodata.gpio_nrfx_p0_cfg
                0x0000000000004a4c       0x10 zephyr/drivers/gpio/libdrivers__gpio.a(gpio_nrfx.c.obj)
 .rodata.gpio_nrfx_drv_api_funcs
                0x0000000000004a5c       0x24 zephyr/drivers/gpio/libdrivers__gpio.a(gpio_nrfx.c.obj)
 .rodata.uarte_1z_config
                0x0000000000004a80       0x10 zephyr/drivers/serial/libdrivers__serial.a(uart_nrfx_uarte.c.obj)
 .rodata.__pinctrl_dev_config__device_dts_ord_104
                0x0000000000004a90        0xc zephyr/drivers/serial/libdrivers__serial.a(uart_nrfx_uarte.c.obj)
 .rodata.__pinctrl_states__device_dts_ord_104
                0x0000000000004a9c        0x8 zephyr/drivers/serial/libdrivers__serial.a(uart_nrfx_uarte.c.obj)
 .rodata.__pinctrl_state_pins_0__device_dts_ord_104
                0x0000000000004aa4        0x8 zephyr/drivers/serial/libdrivers__serial.a(uart_nrfx_uarte.c.obj)
 .rodata.uarte_0z_config
                0x0000000000004aac       0x10 zephyr/drivers/serial/libdrivers__serial.a(uart_nrfx_uarte.c.obj)
 .rodata.__pinctrl_dev_config__device_dts_ord_103
                0x0000000000004abc        0xc zephyr/drivers/serial/libdrivers__serial.a(uart_nrfx_uarte.c.obj)
 .rodata.__pinctrl_states__device_dts_ord_103
                0x0000000000004ac8        0x8 zephyr/drivers/serial/libdrivers__serial.a(uart_nrfx_uarte.c.obj)
 .rodata.__pinctrl_state_pins_0__device_dts_ord_103
                0x0000000000004ad0       0x10 zephyr/drivers/serial/libdrivers__serial.a(uart_nrfx_uarte.c.obj)
 .rodata.uart_nrfx_uarte_driver_api
                0x0000000000004ae0       0x14 zephyr/drivers/serial/libdrivers__serial.a(uart_nrfx_uarte.c.obj)
 .rodata._k_neg_eagain
                0x0000000000004af4        0x4 zephyr/kernel/libkernel.a(errno.c.obj)
                0x0000000000004af4                _k_neg_eagain
 .rodata.levels.0
                0x0000000000004af8       0x18 zephyr/kernel/libkernel.a(init.c.obj)
 .rodata.main.str1.1
                0x0000000000004b10       0x1d app/libapp.a(main.c.obj)
 .rodata.z_cbvprintf_impl.str1.1
                0x0000000000004b2d        0x6 zephyr/libzephyr.a(cbprintf_complete.c.obj)
 .rodata.str1.1
                0x0000000000004b33        0xf zephyr/soc/arm/common/cortex_m/libsoc__arm__common__cortex_m.a(arm_mpu_regions.c.obj)
 .rodata.str1.1
                0x0000000000004b42        0xf zephyr/drivers/clock_control/libdrivers__clock_control.a(clock_control_nrf.c.obj)
 .rodata.str1.1
                0x0000000000004b51       0x1c zephyr/drivers/gpio/libdrivers__gpio.a(gpio_nrfx.c.obj)
 .rodata.str1.1
                0x0000000000004b6d       0x1c zephyr/drivers/serial/libdrivers__serial.a(uart_nrfx_uarte.c.obj)
 .rodata._DoInit.str1.1
                0x0000000000004b89       0x14 modules/segger/libmodules__segger.a(SEGGER_RTT.c.obj)
 .rodata.z_cstart.str1.1
                0x0000000000004b9d        0x5 zephyr/kernel/libkernel.a(init.c.obj)
 .rodata.boot_banner.str1.1
                0x0000000000004ba2       0x2e zephyr/kernel/libkernel.a(banner.c.obj)
 *(SORT_BY_ALIGNMENT(.gnu.linkonce.r.*))
                0x0000000000004bd0                . = ALIGN (0x4)
                0x0000000000004bd0                __rodata_region_end = .
                0x0000000000004be0                . = ALIGN (_region_min_align)
                0x0000000000008000                . = ALIGN ((0x1 << ((__rodata_region_end - ADDR (rom_start)) <= 0x4)?0x2:((__rodata_region_end - ADDR (rom_start)) <= 0x8)?0x3:((__rodata_region_end - ADDR (rom_start)) <= 0x10)?0x4:((__rodata_region_end - ADDR (rom_start)) <= 0x20)?0x5:((__rodata_region_end - ADDR (rom_start)) <= 0x40)?0x6:((__rodata_region_end - ADDR (rom_start)) <= 0x80)?0x7:((__rodata_region_end - ADDR (rom_start)) <= 0x100)?0x8:((__rodata_region_end - ADDR (rom_start)) <= 0x200)?0x9:((__rodata_region_end - ADDR (rom_start)) <= 0x400)?0xa:((__rodata_region_end - ADDR (rom_start)) <= 0x800)?0xb:((__rodata_region_end - ADDR (rom_start)) <= 0x1000)?0xc:((__rodata_region_end - ADDR (rom_start)) <= 0x2000)?0xd:((__rodata_region_end - ADDR (rom_start)) <= 0x4000)?0xe:((__rodata_region_end - ADDR (rom_start)) <= 0x8000)?0xf:((__rodata_region_end - ADDR (rom_start)) <= 0x10000)?0x10:((__rodata_region_end - ADDR (rom_start)) <= 0x20000)?0x11:((__rodata_region_end - ADDR (rom_start)) <= 0x40000)?0x12:((__rodata_region_end - ADDR (rom_start)) <= 0x80000)?0x13:((__rodata_region_end - ADDR (rom_start)) <= 0x100000)?0x14:((__rodata_region_end - ADDR (rom_start)) <= 0x200000)?0x15:((__rodata_region_end - ADDR (rom_start)) <= 0x400000)?0x16:((__rodata_region_end - ADDR (rom_start)) <= 0x800000)?0x17:((__rodata_region_end - ADDR (rom_start)) <= 0x1000000)?0x18:((__rodata_region_end - ADDR (rom_start)) <= 0x2000000)?0x19:((__rodata_region_end - ADDR (rom_start)) <= 0x4000000)?0x1a:((__rodata_region_end - ADDR (rom_start)) <= 0x8000000)?0x1b:((__rodata_region_end - ADDR (rom_start)) <= 0x10000000)?0x1c:((__rodata_region_end - ADDR (rom_start)) <= 0x20000000)?0x1d:((__rodata_region_end - ADDR (rom_start)) <= 0x40000000)?0x1e:((__rodata_region_end - ADDR (rom_start)) <= 0x80000000)?0x1f:0x20))
                0x0000000000008000                __rom_region_end = ((__rom_region_start + .) - ADDR (rom_start))

/DISCARD/
 *(SORT_BY_ALIGNMENT(.got.plt))
 *(SORT_BY_ALIGNMENT(.igot.plt))
 *(SORT_BY_ALIGNMENT(.got))
 *(SORT_BY_ALIGNMENT(.igot))
                0x0000000020000000                . = 0x20000000
                0x0000000020000000                . = ALIGN (_region_min_align)
                0x0000000020000000                _image_ram_start = .

.ramfunc        0x0000000020000000        0x0 load address 0x0000000000004bd0
                0x0000000020000000                . = ALIGN (_region_min_align)
                0x0000000020000000                . = ALIGN ((0x1 << (__ramfunc_size <= 0x4)?0x2:(__ramfunc_size <= 0x8)?0x3:(__ramfunc_size <= 0x10)?0x4:(__ramfunc_size <= 0x20)?0x5:(__ramfunc_size <= 0x40)?0x6:(__ramfunc_size <= 0x80)?0x7:(__ramfunc_size <= 0x100)?0x8:(__ramfunc_size <= 0x200)?0x9:(__ramfunc_size <= 0x400)?0xa:(__ramfunc_size <= 0x800)?0xb:(__ramfunc_size <= 0x1000)?0xc:(__ramfunc_size <= 0x2000)?0xd:(__ramfunc_size <= 0x4000)?0xe:(__ramfunc_size <= 0x8000)?0xf:(__ramfunc_size <= 0x10000)?0x10:(__ramfunc_size <= 0x20000)?0x11:(__ramfunc_size <= 0x40000)?0x12:(__ramfunc_size <= 0x80000)?0x13:(__ramfunc_size <= 0x100000)?0x14:(__ramfunc_size <= 0x200000)?0x15:(__ramfunc_size <= 0x400000)?0x16:(__ramfunc_size <= 0x800000)?0x17:(__ramfunc_size <= 0x1000000)?0x18:(__ramfunc_size <= 0x2000000)?0x19:(__ramfunc_size <= 0x4000000)?0x1a:(__ramfunc_size <= 0x8000000)?0x1b:(__ramfunc_size <= 0x10000000)?0x1c:(__ramfunc_size <= 0x20000000)?0x1d:(__ramfunc_size <= 0x40000000)?0x1e:(__ramfunc_size <= 0x80000000)?0x1f:0x20))
                0x0000000020000000                __ramfunc_start = .
 *(SORT_BY_ALIGNMENT(.ramfunc))
 *(SORT_BY_ALIGNMENT(.ramfunc.*))
                0x0000000020000000                . = ALIGN (_region_min_align)
                0x0000000020000000                . = ALIGN ((0x1 << (__ramfunc_size <= 0x4)?0x2:(__ramfunc_size <= 0x8)?0x3:(__ramfunc_size <= 0x10)?0x4:(__ramfunc_size <= 0x20)?0x5:(__ramfunc_size <= 0x40)?0x6:(__ramfunc_size <= 0x80)?0x7:(__ramfunc_size <= 0x100)?0x8:(__ramfunc_size <= 0x200)?0x9:(__ramfunc_size <= 0x400)?0xa:(__ramfunc_size <= 0x800)?0xb:(__ramfunc_size <= 0x1000)?0xc:(__ramfunc_size <= 0x2000)?0xd:(__ramfunc_size <= 0x4000)?0xe:(__ramfunc_size <= 0x8000)?0xf:(__ramfunc_size <= 0x10000)?0x10:(__ramfunc_size <= 0x20000)?0x11:(__ramfunc_size <= 0x40000)?0x12:(__ramfunc_size <= 0x80000)?0x13:(__ramfunc_size <= 0x100000)?0x14:(__ramfunc_size <= 0x200000)?0x15:(__ramfunc_size <= 0x400000)?0x16:(__ramfunc_size <= 0x800000)?0x17:(__ramfunc_size <= 0x1000000)?0x18:(__ramfunc_size <= 0x2000000)?0x19:(__ramfunc_size <= 0x4000000)?0x1a:(__ramfunc_size <= 0x8000000)?0x1b:(__ramfunc_size <= 0x10000000)?0x1c:(__ramfunc_size <= 0x20000000)?0x1d:(__ramfunc_size <= 0x40000000)?0x1e:(__ramfunc_size <= 0x80000000)?0x1f:0x20))
                0x0000000020000000                __ramfunc_end = .
                0x0000000000000000                __ramfunc_size = (__ramfunc_end - __ramfunc_start)
                0x0000000000004bd0                __ramfunc_load_start = LOADADDR (.ramfunc)

datas           0x0000000020000000       0xc4 load address 0x0000000000004bd0
                0x0000000020000000                __data_region_start = .
                0x0000000020000000                __data_start = .
 *(SORT_BY_ALIGNMENT(.data))
 *(SORT_BY_ALIGNMENT(.data.*))
 .data._char_out
                0x0000000020000000        0x4 zephyr/libzephyr.a(printk.c.obj)
                0x0000000020000000                _char_out
 .data.max_latency_ticks
                0x0000000020000004        0x4 zephyr/libzephyr.a(policy.c.obj)
 .data._stdout_hook
                0x0000000020000008        0x4 zephyr/lib/libc/minimal/liblib__libc__minimal.a(stdout_console.c.obj)
 .data.uarte_1_data
                0x000000002000000c       0x1c zephyr/drivers/serial/libdrivers__serial.a(uart_nrfx_uarte.c.obj)
 .data.uarte_0_data
                0x0000000020000028       0x1c zephyr/drivers/serial/libdrivers__serial.a(uart_nrfx_uarte.c.obj)
 .data.SystemCoreClock
                0x0000000020000044        0x4 modules/hal_nordic/nrfx/libmodules__hal_nordic__nrfx.a(system_nrf52833.c.obj)
                0x0000000020000044                SystemCoreClock
 .data.m_cb     0x0000000020000048       0x70 modules/hal_nordic/nrfx/libmodules__hal_nordic__nrfx.a(nrfx_gpiote.c.obj)
 .data.m_channels_allocated
                0x00000000200000b8        0x4 modules/hal_nordic/nrfx/libmodules__hal_nordic__nrfx.a(nrfx_ppi.c.obj)
 .data.timeout_list
                0x00000000200000bc        0x8 zephyr/kernel/libkernel.a(timeout.c.obj)
 *(SORT_BY_ALIGNMENT(.kernel.*))
                0x00000000200000c4                __data_end = .
                0x00000000000000c4                __data_size = (__data_end - __data_start)
                0x0000000000004bd0                __data_load_start = LOADADDR (datas)
                0x0000000000004bd0                __data_region_load_start = LOADADDR (datas)

device_states   0x00000000200000c4        0xa load address 0x0000000000004c94
                0x00000000200000c4                __device_states_start = .
 *(SORT_BY_ALIGNMENT(.z_devstate))
 .z_devstate    0x00000000200000c4        0x2 zephyr/drivers/clock_control/libdrivers__clock_control.a(clock_control_nrf.c.obj)
 .z_devstate    0x00000000200000c6        0x4 zephyr/drivers/gpio/libdrivers__gpio.a(gpio_nrfx.c.obj)
 .z_devstate    0x00000000200000ca        0x4 zephyr/drivers/serial/libdrivers__serial.a(uart_nrfx_uarte.c.obj)
 *(SORT_BY_ALIGNMENT(.z_devstate.*))
                0x00000000200000ce                __device_states_end = .

initshell       0x00000000200000ce        0x0 load address 0x0000000000004c9e
                0x00000000200000ce                __shell_module_start = .
 *(SORT_BY_ALIGNMENT(.shell_module_*))
                0x00000000200000ce                __shell_module_end = .
                0x00000000200000ce                __shell_cmd_start = .
 *(SORT_BY_ALIGNMENT(.shell_cmd_*))
                0x00000000200000ce                __shell_cmd_end = .

log_mpsc_pbuf_area
                0x00000000200000ce        0x0 load address 0x0000000000004c9e
                0x00000000200000ce                _log_mpsc_pbuf_list_start = .
 *(SORT_BY_NAME(SORT_BY_ALIGNMENT(._log_mpsc_pbuf.static.*)))
                0x00000000200000ce                _log_mpsc_pbuf_list_end = .

log_msg_ptr_area
                0x00000000200000ce        0x0 load address 0x0000000000004c9e
                0x00000000200000ce                _log_msg_ptr_list_start = .
 *(SORT_BY_NAME(SORT_BY_ALIGNMENT(._log_msg_ptr.static.*)))
                0x00000000200000ce                _log_msg_ptr_list_end = .

log_dynamic_sections
                0x00000000200000ce        0x0 load address 0x0000000000004c9e
                0x00000000200000ce                __log_dynamic_start = .
 *(SORT_BY_NAME(SORT_BY_ALIGNMENT(.log_dynamic_*)))
                0x00000000200000ce                __log_dynamic_end = .

k_timer_area    0x00000000200000ce        0x0 load address 0x0000000000004c9e
                0x00000000200000ce                _k_timer_list_start = .
 *(SORT_BY_NAME(SORT_BY_ALIGNMENT(._k_timer.static.*)))
                0x00000000200000ce                _k_timer_list_end = .

k_mem_slab_area
                0x00000000200000ce        0x0 load address 0x0000000000004c9e
                0x00000000200000ce                _k_mem_slab_list_start = .
 *(SORT_BY_NAME(SORT_BY_ALIGNMENT(._k_mem_slab.static.*)))
                0x00000000200000ce                _k_mem_slab_list_end = .

k_heap_area     0x00000000200000ce        0x0 load address 0x0000000000004c9e
                0x00000000200000ce                _k_heap_list_start = .
 *(SORT_BY_NAME(SORT_BY_ALIGNMENT(._k_heap.static.*)))
                0x00000000200000ce                _k_heap_list_end = .

k_mutex_area    0x00000000200000ce        0x0 load address 0x0000000000004c9e
                0x00000000200000ce                _k_mutex_list_start = .
 *(SORT_BY_NAME(SORT_BY_ALIGNMENT(._k_mutex.static.*)))
                0x00000000200000ce                _k_mutex_list_end = .

k_stack_area    0x00000000200000ce        0x0 load address 0x0000000000004c9e
                0x00000000200000ce                _k_stack_list_start = .
 *(SORT_BY_NAME(SORT_BY_ALIGNMENT(._k_stack.static.*)))
                0x00000000200000ce                _k_stack_list_end = .

k_msgq_area     0x00000000200000ce        0x0 load address 0x0000000000004c9e
                0x00000000200000ce                _k_msgq_list_start = .
 *(SORT_BY_NAME(SORT_BY_ALIGNMENT(._k_msgq.static.*)))
                0x00000000200000ce                _k_msgq_list_end = .

k_mbox_area     0x00000000200000ce        0x0 load address 0x0000000000004c9e
                0x00000000200000ce                _k_mbox_list_start = .
 *(SORT_BY_NAME(SORT_BY_ALIGNMENT(._k_mbox.static.*)))
                0x00000000200000ce                _k_mbox_list_end = .

k_pipe_area     0x00000000200000ce        0x0 load address 0x0000000000004c9e
                0x00000000200000ce                _k_pipe_list_start = .
 *(SORT_BY_NAME(SORT_BY_ALIGNMENT(._k_pipe.static.*)))
                0x00000000200000ce                _k_pipe_list_end = .

k_sem_area      0x00000000200000ce        0x0 load address 0x0000000000004c9e
                0x00000000200000ce                _k_sem_list_start = .
 *(SORT_BY_NAME(SORT_BY_ALIGNMENT(._k_sem.static.*)))
                0x00000000200000ce                _k_sem_list_end = .

k_event_area    0x00000000200000ce        0x0 load address 0x0000000000004c9e
                0x00000000200000ce                _k_event_list_start = .
 *(SORT_BY_NAME(SORT_BY_ALIGNMENT(._k_event.static.*)))
                0x00000000200000ce                _k_event_list_end = .

k_queue_area    0x00000000200000ce        0x0 load address 0x0000000000004c9e
                0x00000000200000ce                _k_queue_list_start = .
 *(SORT_BY_NAME(SORT_BY_ALIGNMENT(._k_queue.static.*)))
                0x00000000200000ce                _k_queue_list_end = .

k_condvar_area  0x00000000200000ce        0x0 load address 0x0000000000004c9e
                0x00000000200000ce                _k_condvar_list_start = .
 *(SORT_BY_NAME(SORT_BY_ALIGNMENT(._k_condvar.static.*)))
                0x00000000200000ce                _k_condvar_list_end = .

_net_buf_pool_area
                0x00000000200000ce        0x0 load address 0x0000000000004c9e
                0x00000000200000ce                _net_buf_pool_list = .
 *(SORT_BY_NAME(SORT_BY_ALIGNMENT(._net_buf_pool.static.*)))
                0x00000000200000ce                __data_region_end = .

bss             0x00000000200000d0      0x6e2
                0x00000000200000d0                . = ALIGN (0x4)
                0x00000000200000d0                __bss_start = .
                0x00000000200000d0                __kernel_ram_start = .
 *(SORT_BY_ALIGNMENT(.bss))
 *(SORT_BY_ALIGNMENT(.bss.*))
 .bss.cc_data   0x00000000200000d0       0x10 zephyr/drivers/timer/libdrivers__timer.a(nrf_rtc_timer.c.obj)
 .bss.last_count
                0x00000000200000e0        0x8 zephyr/drivers/timer/libdrivers__timer.a(nrf_rtc_timer.c.obj)
 .bss.anchor    0x00000000200000e8        0x8 zephyr/drivers/timer/libdrivers__timer.a(nrf_rtc_timer.c.obj)
 .bss.z_idle_threads
                0x00000000200000f0       0x80 zephyr/kernel/libkernel.a(init.c.obj)
                0x00000000200000f0                z_idle_threads
 .bss.z_main_thread
                0x0000000020000170       0x80 zephyr/kernel/libkernel.a(init.c.obj)
                0x0000000020000170                z_main_thread
 .bss.curr_tick
                0x00000000200001f0        0x8 zephyr/kernel/libkernel.a(timeout.c.obj)
 .bss.z_cpus_pm_forced_state
                0x00000000200001f8        0xc zephyr/libzephyr.a(pm.c.obj)
 .bss.z_cpus_pm_state
                0x0000000020000204        0xc zephyr/libzephyr.a(pm.c.obj)
 .bss.pm_notifiers
                0x0000000020000210        0x8 zephyr/libzephyr.a(pm.c.obj)
 .bss.z_post_ops_required
                0x0000000020000218        0x4 zephyr/libzephyr.a(pm.c.obj)
 .bss.dynamic_regions.0
                0x000000002000021c        0xc zephyr/arch/arch/arm/core/aarch32/mpu/libarch__arm__core__aarch32__mpu.a(arm_core_mpu.c.obj)
 .bss.cli.1     0x0000000020000228       0x10 zephyr/drivers/clock_control/libdrivers__clock_control.a(clock_control_nrf.c.obj)
 .bss.on.2      0x0000000020000238        0x4 zephyr/drivers/clock_control/libdrivers__clock_control.a(clock_control_nrf.c.obj)
 .bss.data      0x000000002000023c       0x50 zephyr/drivers/clock_control/libdrivers__clock_control.a(clock_control_nrf.c.obj)
 .bss.hfclk_users
                0x000000002000028c        0x4 zephyr/drivers/clock_control/libdrivers__clock_control.a(clock_control_nrf.c.obj)
 .bss.gpio_nrfx_p1_data
                0x0000000020000290        0xc zephyr/drivers/gpio/libdrivers__gpio.a(gpio_nrfx.c.obj)
 .bss.gpio_nrfx_p0_data
                0x000000002000029c        0xc zephyr/drivers/gpio/libdrivers__gpio.a(gpio_nrfx.c.obj)
 .bss.force_isr_mask
                0x00000000200002a8        0x4 zephyr/drivers/timer/libdrivers__timer.a(nrf_rtc_timer.c.obj)
 .bss.int_mask  0x00000000200002ac        0x4 zephyr/drivers/timer/libdrivers__timer.a(nrf_rtc_timer.c.obj)
 .bss.overflow_cnt
                0x00000000200002b0        0x4 zephyr/drivers/timer/libdrivers__timer.a(nrf_rtc_timer.c.obj)
 .bss.m_clock_cb
                0x00000000200002b4        0x8 modules/hal_nordic/nrfx/libmodules__hal_nordic__nrfx.a(nrfx_clock.c.obj)
 .bss._SEGGER_RTT
                0x00000000200002bc       0xa8 modules/segger/libmodules__segger.a(SEGGER_RTT.c.obj)
                0x00000000200002bc                _SEGGER_RTT
 .bss._kernel   0x0000000020000364       0x28 zephyr/kernel/libkernel.a(init.c.obj)
                0x0000000020000364                _kernel
 .bss.pending_current
                0x000000002000038c        0x4 zephyr/kernel/libkernel.a(sched.c.obj)
 .bss.slice_max_prio
                0x0000000020000390        0x4 zephyr/kernel/libkernel.a(sched.c.obj)
 .bss.slice_ticks
                0x0000000020000394        0x4 zephyr/kernel/libkernel.a(sched.c.obj)
 .bss.announce_remaining
                0x0000000020000398        0x4 zephyr/kernel/libkernel.a(timeout.c.obj)
 .bss.static_regions_num
                0x000000002000039c        0x1 zephyr/arch/arch/arm/core/aarch32/mpu/libarch__arm__core__aarch32__mpu.a(arm_mpu.c.obj)
 .bss.uarte1_rx_data
                0x000000002000039d        0x1 zephyr/drivers/serial/libdrivers__serial.a(uart_nrfx_uarte.c.obj)
 .bss.uarte1_char_out
                0x000000002000039e        0x1 zephyr/drivers/serial/libdrivers__serial.a(uart_nrfx_uarte.c.obj)
 .bss.uarte0_rx_data
                0x000000002000039f        0x1 zephyr/drivers/serial/libdrivers__serial.a(uart_nrfx_uarte.c.obj)
 .bss.uarte0_char_out
                0x00000000200003a0        0x1 zephyr/drivers/serial/libdrivers__serial.a(uart_nrfx_uarte.c.obj)
 .bss._acDownBuffer
                0x00000000200003a1       0x10 modules/segger/libmodules__segger.a(SEGGER_RTT.c.obj)
 .bss._acUpBuffer
                0x00000000200003b1      0x400 modules/segger/libmodules__segger.a(SEGGER_RTT.c.obj)
 .bss.z_sys_post_kernel
                0x00000000200007b1        0x1 zephyr/kernel/libkernel.a(init.c.obj)
                0x00000000200007b1                z_sys_post_kernel
 .bss.lock      0x00000000200007b2        0x0 zephyr/kernel/libkernel.a(sem.c.obj)
 .bss.sched_spinlock
                0x00000000200007b2        0x0 zephyr/kernel/libkernel.a(sched.c.obj)
                0x00000000200007b2                sched_spinlock
 *(SORT_BY_ALIGNMENT(COMMON))
 *(SORT_BY_ALIGNMENT(.kernel_bss.*))
                0x00000000200007b4                __bss_end = ALIGN (0x4)

noinit          0x00000000200007c0      0xe00
 *(SORT_BY_ALIGNMENT(.noinit))
 *(SORT_BY_ALIGNMENT(.noinit.*))
 .noinit."WEST_TOPDIR/zephyr/kernel/init.c".2
                0x00000000200007c0      0x840 zephyr/kernel/libkernel.a(init.c.obj)
                0x00000000200007c0                z_interrupt_stacks
 .noinit."WEST_TOPDIR/zephyr/kernel/init.c".1
                0x0000000020001000      0x180 zephyr/kernel/libkernel.a(init.c.obj)
 .noinit."WEST_TOPDIR/zephyr/kernel/init.c".0
                0x0000000020001180      0x440 zephyr/kernel/libkernel.a(init.c.obj)
                0x0000000020001180                z_main_stack
 *(SORT_BY_ALIGNMENT(.kernel_noinit.*))
                0x00000000200015c0                _image_ram_end = .
                0x00000000200015c0                _end = .
                0x0000000020020000                __kernel_ram_end = 0x20020000
                0x000000000001ff30                __kernel_ram_size = (__kernel_ram_end - __kernel_ram_start)

.intList        0x00000000fffff800       0x58
 *(SORT_BY_ALIGNMENT(.irq_info*))
 .irq_info      0x00000000fffff800        0x8 zephyr/arch/common/libisr_tables.a(isr_tables.c.obj)
                0x00000000fffff800                _iheader
 *(SORT_BY_ALIGNMENT(.intList*))
 .intList       0x00000000fffff808       0x10 zephyr/drivers/clock_control/libdrivers__clock_control.a(clock_control_nrf.c.obj)
 .intList       0x00000000fffff818       0x10 zephyr/drivers/gpio/libdrivers__gpio.a(gpio_nrfx.c.obj)
 .intList       0x00000000fffff828       0x20 zephyr/drivers/serial/libdrivers__serial.a(uart_nrfx_uarte.c.obj)
 .intList       0x00000000fffff848       0x10 zephyr/drivers/timer/libdrivers__timer.a(nrf_rtc_timer.c.obj)

.stab
 *(SORT_BY_ALIGNMENT(.stab))

.stabstr
 *(SORT_BY_ALIGNMENT(.stabstr))

.stab.excl
 *(SORT_BY_ALIGNMENT(.stab.excl))

.stab.exclstr
 *(SORT_BY_ALIGNMENT(.stab.exclstr))

.stab.index
 *(SORT_BY_ALIGNMENT(.stab.index))

.stab.indexstr
 *(SORT_BY_ALIGNMENT(.stab.indexstr))

.gnu.build.attributes
 *(SORT_BY_ALIGNMENT(.gnu.build.attributes) SORT_BY_ALIGNMENT(.gnu.build.attributes.*))

.comment        0x0000000000000000       0x20
 *(SORT_BY_ALIGNMENT(.comment))
 .comment       0x0000000000000000       0x20 zephyr/CMakeFiles/zephyr_pre1.dir/dev_handles.c.obj
                                         0x21 (size before relaxing)
 .comment       0x0000000000000020       0x21 app/libapp.a(myfunction.c.obj)
 .comment       0x0000000000000020       0x21 app/libapp.a(main.c.obj)
 .comment       0x0000000000000020       0x21 zephyr/libzephyr.a(printk.c.obj)
 .comment       0x0000000000000020       0x21 zephyr/libzephyr.a(thread_entry.c.obj)
 .comment       0x0000000000000020       0x21 zephyr/libzephyr.a(onoff.c.obj)
 .comment       0x0000000000000020       0x21 zephyr/libzephyr.a(notify.c.obj)
 .comment       0x0000000000000020       0x21 zephyr/libzephyr.a(cbprintf_complete.c.obj)
 .comment       0x0000000000000020       0x21 zephyr/libzephyr.a(configs.c.obj)
 .comment       0x0000000000000020       0x21 zephyr/libzephyr.a(pm.c.obj)
 .comment       0x0000000000000020       0x21 zephyr/libzephyr.a(policy.c.obj)
 .comment       0x0000000000000020       0x21 zephyr/libzephyr.a(state.c.obj)
 .comment       0x0000000000000020       0x21 zephyr/arch/arch/arm/core/aarch32/libarch__arm__core__aarch32.a(fatal.c.obj)
 .comment       0x0000000000000020       0x21 zephyr/arch/arch/arm/core/aarch32/libarch__arm__core__aarch32.a(irq_manage.c.obj)
 .comment       0x0000000000000020       0x21 zephyr/arch/arch/arm/core/aarch32/libarch__arm__core__aarch32.a(nmi.c.obj)
 .comment       0x0000000000000020       0x21 zephyr/arch/arch/arm/core/aarch32/libarch__arm__core__aarch32.a(prep_c.c.obj)
 .comment       0x0000000000000020       0x21 zephyr/arch/arch/arm/core/aarch32/libarch__arm__core__aarch32.a(swap.c.obj)
 .comment       0x0000000000000020       0x21 zephyr/arch/arch/arm/core/aarch32/libarch__arm__core__aarch32.a(thread.c.obj)
 .comment       0x0000000000000020       0x21 zephyr/arch/arch/arm/core/aarch32/cortex_m/libarch__arm__core__aarch32__cortex_m.a(fault.c.obj)
 .comment       0x0000000000000020       0x21 zephyr/arch/arch/arm/core/aarch32/cortex_m/libarch__arm__core__aarch32__cortex_m.a(irq_init.c.obj)
 .comment       0x0000000000000020       0x21 zephyr/arch/arch/arm/core/aarch32/cortex_m/libarch__arm__core__aarch32__cortex_m.a(scb.c.obj)
 .comment       0x0000000000000020       0x21 zephyr/arch/arch/arm/core/aarch32/cortex_m/libarch__arm__core__aarch32__cortex_m.a(thread_abort.c.obj)
 .comment       0x0000000000000020       0x21 zephyr/arch/arch/arm/core/aarch32/mpu/libarch__arm__core__aarch32__mpu.a(arm_core_mpu.c.obj)
 .comment       0x0000000000000020       0x21 zephyr/arch/arch/arm/core/aarch32/mpu/libarch__arm__core__aarch32__mpu.a(arm_mpu.c.obj)
 .comment       0x0000000000000020       0x21 zephyr/lib/libc/minimal/liblib__libc__minimal.a(string.c.obj)
 .comment       0x0000000000000020       0x21 zephyr/lib/libc/minimal/liblib__libc__minimal.a(stdout_console.c.obj)
 .comment       0x0000000000000020       0x21 zephyr/soc/arm/common/cortex_m/libsoc__arm__common__cortex_m.a(arm_mpu_regions.c.obj)
 .comment       0x0000000000000020       0x21 zephyr/soc/arm/nordic_nrf/nrf52/libsoc__arm__nordic_nrf__nrf52.a(soc.c.obj)
 .comment       0x0000000000000020       0x21 zephyr/soc/arm/nordic_nrf/nrf52/libsoc__arm__nordic_nrf__nrf52.a(power.c.obj)
 .comment       0x0000000000000020       0x21 zephyr/drivers/clock_control/libdrivers__clock_control.a(clock_control_nrf.c.obj)
 .comment       0x0000000000000020       0x21 zephyr/drivers/console/libdrivers__console.a(uart_console.c.obj)
 .comment       0x0000000000000020       0x21 zephyr/drivers/gpio/libdrivers__gpio.a(gpio_nrfx.c.obj)
 .comment       0x0000000000000020       0x21 zephyr/drivers/serial/libdrivers__serial.a(uart_nrfx_uarte.c.obj)
 .comment       0x0000000000000020       0x21 zephyr/drivers/timer/libdrivers__timer.a(sys_clock_init.c.obj)
 .comment       0x0000000000000020       0x21 zephyr/drivers/timer/libdrivers__timer.a(nrf_rtc_timer.c.obj)
 .comment       0x0000000000000020       0x21 zephyr/drivers/pinctrl/libdrivers__pinctrl.a(common.c.obj)
 .comment       0x0000000000000020       0x21 zephyr/drivers/pinctrl/libdrivers__pinctrl.a(pinctrl_nrf.c.obj)
 .comment       0x0000000000000020       0x21 modules/nrf/lib/fatal_error/lib..__nrf__lib__fatal_error.a(fatal_error.c.obj)
 .comment       0x0000000000000020       0x21 modules/hal_nordic/nrfx/libmodules__hal_nordic__nrfx.a(system_nrf52833.c.obj)
 .comment       0x0000000000000020       0x21 modules/hal_nordic/nrfx/libmodules__hal_nordic__nrfx.a(nrfx_glue.c.obj)
 .comment       0x0000000000000020       0x21 modules/hal_nordic/nrfx/libmodules__hal_nordic__nrfx.a(nrfx_flag32_allocator.c.obj)
 .comment       0x0000000000000020       0x21 modules/hal_nordic/nrfx/libmodules__hal_nordic__nrfx.a(nrfx_clock.c.obj)
 .comment       0x0000000000000020       0x21 modules/hal_nordic/nrfx/libmodules__hal_nordic__nrfx.a(nrfx_gpiote.c.obj)
 .comment       0x0000000000000020       0x21 modules/hal_nordic/nrfx/libmodules__hal_nordic__nrfx.a(nrfx_ppi.c.obj)
 .comment       0x0000000000000020       0x21 modules/segger/libmodules__segger.a(SEGGER_RTT.c.obj)
 .comment       0x0000000000000020       0x21 modules/segger/libmodules__segger.a(SEGGER_RTT_zephyr.c.obj)
 .comment       0x0000000000000020       0x21 zephyr/kernel/libkernel.a(device.c.obj)
 .comment       0x0000000000000020       0x21 zephyr/kernel/libkernel.a(errno.c.obj)
 .comment       0x0000000000000020       0x21 zephyr/kernel/libkernel.a(fatal.c.obj)
 .comment       0x0000000000000020       0x21 zephyr/kernel/libkernel.a(init.c.obj)
 .comment       0x0000000000000020       0x21 zephyr/kernel/libkernel.a(thread.c.obj)
 .comment       0x0000000000000020       0x21 zephyr/kernel/libkernel.a(idle.c.obj)
 .comment       0x0000000000000020       0x21 zephyr/kernel/libkernel.a(sem.c.obj)
 .comment       0x0000000000000020       0x21 zephyr/kernel/libkernel.a(sched.c.obj)
 .comment       0x0000000000000020       0x21 zephyr/kernel/libkernel.a(xip.c.obj)
 .comment       0x0000000000000020       0x21 zephyr/kernel/libkernel.a(timeout.c.obj)
 .comment       0x0000000000000020       0x21 zephyr/kernel/libkernel.a(banner.c.obj)
 .comment       0x0000000000000020       0x21 zephyr/CMakeFiles/offsets.dir/./arch/arm/core/offsets/offsets.c.obj
 .comment       0x0000000000000020       0x21 zephyr/arch/common/libisr_tables.a(isr_tables.c.obj)

.debug
 *(SORT_BY_ALIGNMENT(.debug))

.line
 *(SORT_BY_ALIGNMENT(.line))

.debug_srcinfo
 *(SORT_BY_ALIGNMENT(.debug_srcinfo))

.debug_sfnames
 *(SORT_BY_ALIGNMENT(.debug_sfnames))

.debug_aranges  0x0000000000000000     0x1418
 *(SORT_BY_ALIGNMENT(.debug_aranges))
 .debug_aranges
                0x0000000000000000       0x20 zephyr/libzephyr.a(soc_nrf_common.S.obj)
 .debug_aranges
                0x0000000000000020       0x30 zephyr/arch/arch/arm/core/aarch32/libarch__arm__core__aarch32.a(cpu_idle.S.obj)
 .debug_aranges
                0x0000000000000050       0x20 zephyr/arch/arch/arm/core/aarch32/libarch__arm__core__aarch32.a(nmi_on_reset.S.obj)
 .debug_aranges
                0x0000000000000070       0x28 zephyr/arch/arch/arm/core/aarch32/libarch__arm__core__aarch32.a(swap_helper.S.obj)
 .debug_aranges
                0x0000000000000098       0x20 zephyr/arch/arch/arm/core/aarch32/libarch__arm__core__aarch32.a(isr_wrapper.S.obj)
 .debug_aranges
                0x00000000000000b8       0x20 zephyr/arch/arch/arm/core/aarch32/cortex_m/libarch__arm__core__aarch32__cortex_m.a(exc_exit.S.obj)
 .debug_aranges
                0x00000000000000d8       0x20 zephyr/arch/arch/arm/core/aarch32/cortex_m/libarch__arm__core__aarch32__cortex_m.a(fault_s.S.obj)
 .debug_aranges
                0x00000000000000f8       0x20 zephyr/arch/arch/arm/core/aarch32/cortex_m/libarch__arm__core__aarch32__cortex_m.a(reset.S.obj)
 .debug_aranges
                0x0000000000000118       0x18 zephyr/CMakeFiles/zephyr_pre1.dir/dev_handles.c.obj
 .debug_aranges
                0x0000000000000130       0x20 app/libapp.a(myfunction.c.obj)
 .debug_aranges
                0x0000000000000150       0x20 app/libapp.a(main.c.obj)
 .debug_aranges
                0x0000000000000170       0x68 zephyr/libzephyr.a(printk.c.obj)
 .debug_aranges
                0x00000000000001d8       0x20 zephyr/libzephyr.a(thread_entry.c.obj)
 .debug_aranges
                0x00000000000001f8       0x90 zephyr/libzephyr.a(onoff.c.obj)
 .debug_aranges
                0x0000000000000288       0x28 zephyr/libzephyr.a(notify.c.obj)
 .debug_aranges
                0x00000000000002b0       0x30 zephyr/libzephyr.a(cbprintf_complete.c.obj)
 .debug_aranges
                0x00000000000002e0       0x20 zephyr/libzephyr.a(configs.c.obj)
 .debug_aranges
                0x0000000000000300       0x50 zephyr/libzephyr.a(pm.c.obj)
 .debug_aranges
                0x0000000000000350       0x70 zephyr/libzephyr.a(policy.c.obj)
 .debug_aranges
                0x00000000000003c0       0x20 zephyr/libzephyr.a(state.c.obj)
 .debug_aranges
                0x00000000000003e0       0x30 zephyr/arch/arch/arm/core/aarch32/libarch__arm__core__aarch32.a(fatal.c.obj)
 .debug_aranges
                0x0000000000000410       0x48 zephyr/arch/arch/arm/core/aarch32/libarch__arm__core__aarch32.a(irq_manage.c.obj)
 .debug_aranges
                0x0000000000000458       0x20 zephyr/arch/arch/arm/core/aarch32/libarch__arm__core__aarch32.a(nmi.c.obj)
 .debug_aranges
                0x0000000000000478       0x20 zephyr/arch/arch/arm/core/aarch32/libarch__arm__core__aarch32.a(prep_c.c.obj)
 .debug_aranges
                0x0000000000000498       0x20 zephyr/arch/arch/arm/core/aarch32/libarch__arm__core__aarch32.a(swap.c.obj)
 .debug_aranges
                0x00000000000004b8       0x30 zephyr/arch/arch/arm/core/aarch32/libarch__arm__core__aarch32.a(thread.c.obj)
 .debug_aranges
                0x00000000000004e8       0x38 zephyr/arch/arch/arm/core/aarch32/cortex_m/libarch__arm__core__aarch32__cortex_m.a(fault.c.obj)
 .debug_aranges
                0x0000000000000520       0x20 zephyr/arch/arch/arm/core/aarch32/cortex_m/libarch__arm__core__aarch32__cortex_m.a(irq_init.c.obj)
 .debug_aranges
                0x0000000000000540       0x30 zephyr/arch/arch/arm/core/aarch32/cortex_m/libarch__arm__core__aarch32__cortex_m.a(scb.c.obj)
 .debug_aranges
                0x0000000000000570       0x20 zephyr/arch/arch/arm/core/aarch32/cortex_m/libarch__arm__core__aarch32__cortex_m.a(thread_abort.c.obj)
 .debug_aranges
                0x0000000000000590       0x28 zephyr/arch/arch/arm/core/aarch32/mpu/libarch__arm__core__aarch32__mpu.a(arm_core_mpu.c.obj)
 .debug_aranges
                0x00000000000005b8       0x48 zephyr/arch/arch/arm/core/aarch32/mpu/libarch__arm__core__aarch32__mpu.a(arm_mpu.c.obj)
 .debug_aranges
                0x0000000000000600       0x98 zephyr/lib/libc/minimal/liblib__libc__minimal.a(string.c.obj)
 .debug_aranges
                0x0000000000000698       0x58 zephyr/lib/libc/minimal/liblib__libc__minimal.a(stdout_console.c.obj)
 .debug_aranges
                0x00000000000006f0       0x18 zephyr/soc/arm/common/cortex_m/libsoc__arm__common__cortex_m.a(arm_mpu_regions.c.obj)
 .debug_aranges
                0x0000000000000708       0x30 zephyr/soc/arm/nordic_nrf/nrf52/libsoc__arm__nordic_nrf__nrf52.a(soc.c.obj)
 .debug_aranges
                0x0000000000000738       0x28 zephyr/soc/arm/nordic_nrf/nrf52/libsoc__arm__nordic_nrf__nrf52.a(power.c.obj)
 .debug_aranges
                0x0000000000000760       0xc8 zephyr/drivers/clock_control/libdrivers__clock_control.a(clock_control_nrf.c.obj)
 .debug_aranges
                0x0000000000000828       0x30 zephyr/drivers/console/libdrivers__console.a(uart_console.c.obj)
 .debug_aranges
                0x0000000000000858       0x68 zephyr/drivers/gpio/libdrivers__gpio.a(gpio_nrfx.c.obj)
 .debug_aranges
                0x00000000000008c0       0x68 zephyr/drivers/serial/libdrivers__serial.a(uart_nrfx_uarte.c.obj)
 .debug_aranges
                0x0000000000000928       0x28 zephyr/drivers/timer/libdrivers__timer.a(sys_clock_init.c.obj)
 .debug_aranges
                0x0000000000000950       0xb8 zephyr/drivers/timer/libdrivers__timer.a(nrf_rtc_timer.c.obj)
 .debug_aranges
                0x0000000000000a08       0x20 zephyr/drivers/pinctrl/libdrivers__pinctrl.a(common.c.obj)
 .debug_aranges
                0x0000000000000a28       0x20 zephyr/drivers/pinctrl/libdrivers__pinctrl.a(pinctrl_nrf.c.obj)
 .debug_aranges
                0x0000000000000a48       0x20 modules/nrf/lib/fatal_error/lib..__nrf__lib__fatal_error.a(fatal_error.c.obj)
 .debug_aranges
                0x0000000000000a68       0x38 modules/hal_nordic/nrfx/libmodules__hal_nordic__nrfx.a(system_nrf52833.c.obj)
 .debug_aranges
                0x0000000000000aa0       0x30 modules/hal_nordic/nrfx/libmodules__hal_nordic__nrfx.a(nrfx_glue.c.obj)
 .debug_aranges
                0x0000000000000ad0       0x30 modules/hal_nordic/nrfx/libmodules__hal_nordic__nrfx.a(nrfx_flag32_allocator.c.obj)
 .debug_aranges
                0x0000000000000b00       0x78 modules/hal_nordic/nrfx/libmodules__hal_nordic__nrfx.a(nrfx_clock.c.obj)
 .debug_aranges
                0x0000000000000b78      0x180 modules/hal_nordic/nrfx/libmodules__hal_nordic__nrfx.a(nrfx_gpiote.c.obj)
 .debug_aranges
                0x0000000000000cf8       0x80 modules/hal_nordic/nrfx/libmodules__hal_nordic__nrfx.a(nrfx_ppi.c.obj)
 .debug_aranges
                0x0000000000000d78      0x138 modules/segger/libmodules__segger.a(SEGGER_RTT.c.obj)
 .debug_aranges
                0x0000000000000eb0       0x40 modules/segger/libmodules__segger.a(SEGGER_RTT_zephyr.c.obj)
 .debug_aranges
                0x0000000000000ef0       0x50 zephyr/kernel/libkernel.a(device.c.obj)
 .debug_aranges
                0x0000000000000f40       0x20 zephyr/kernel/libkernel.a(errno.c.obj)
 .debug_aranges
                0x0000000000000f60       0x60 zephyr/kernel/libkernel.a(fatal.c.obj)
 .debug_aranges
                0x0000000000000fc0       0x50 zephyr/kernel/libkernel.a(init.c.obj)
 .debug_aranges
                0x0000000000001010       0xb8 zephyr/kernel/libkernel.a(thread.c.obj)
 .debug_aranges
                0x00000000000010c8       0x28 zephyr/kernel/libkernel.a(idle.c.obj)
 .debug_aranges
                0x00000000000010f0       0x38 zephyr/kernel/libkernel.a(sem.c.obj)
 .debug_aranges
                0x0000000000001128      0x1e0 zephyr/kernel/libkernel.a(sched.c.obj)
 .debug_aranges